ARM Linker, 5.03 [Build 76] [MDK-ARM Lite]

==============================================================================

Section Cross References

    startup.o(STACK) refers (Special) to heapauxi.o(.text) for __use_two_region_memory
    startup.o(HEAP) refers (Special) to heapauxi.o(.text) for __use_two_region_memory
    startup.o(RESET) refers (Special) to heapauxi.o(.text) for __use_two_region_memory
    startup.o(RESET) refers to startup.o(STACK) for StackMem
    startup.o(RESET) refers to spaceinvaders.o(i.SysTick_Handler) for SysTick_Handler
    startup.o(RESET) refers to timer0.o(i.Timer0A_Handler) for Timer0A_Handler
    startup.o(RESET) refers to timer1.o(i.Timer1A_Handler) for Timer1A_Handler
    startup.o(RESET) refers to spaceinvaders.o(i.GPIOPortF_Handler) for GPIOPortF_Handler
    startup.o(RESET) refers to texas.o(.text) for Timer4A_Handler
    startup.o(RESET) refers to __main.o(!!!main) for __main
    startup.o(.text) refers (Special) to heapauxi.o(.text) for __use_two_region_memory
    startup.o(.text) refers to startup.o(HEAP) for HeapMem
    startup.o(.text) refers to startup.o(STACK) for StackMem
    random.o(.text) refers to random.o(DATA) for M
    timer0.o(i.Timer0A_Handler) refers to timer0.o(.data) for PeriodicTask0
    timer0.o(i.Timer0_Init) refers to timer0.o(.data) for PeriodicTask0
    timer1.o(i.Timer1A_Handler) refers to timer1.o(.data) for PeriodicTask1
    timer1.o(i.Timer1A_Set) refers to timer1.o(.data) for Index
    sound.o(i.Sound_EShoot) refers to dac.o(i.DAC_Out) for DAC_Out
    sound.o(i.Sound_EShoot) refers to sound.o(.data) for Index
    sound.o(i.Sound_Explosion) refers to dac.o(i.DAC_Out) for DAC_Out
    sound.o(i.Sound_Explosion) refers to sound.o(.data) for Index
    sound.o(i.Sound_Explosion) refers to sound.o(.constdata) for Explosion
    sound.o(i.Sound_PExplode) refers to dac.o(i.DAC_Out) for DAC_Out
    sound.o(i.Sound_PExplode) refers to sound.o(.data) for Index
    sound.o(i.Sound_Shoot) refers to dac.o(i.DAC_Out) for DAC_Out
    sound.o(i.Sound_Shoot) refers to sound.o(.data) for Index
    sound.o(i.Sound_Shoot) refers to sound.o(.constdata) for Laser
    spaceinvaders.o(i.CheckCollison) refers to st7735.o(i.ST7735_DrawBitmap) for ST7735_DrawBitmap
    spaceinvaders.o(i.CheckCollison) refers to timer1.o(i.Timer1A_Set) for Timer1A_Set
    spaceinvaders.o(i.CheckCollison) refers to spaceinvaders.o(i.GameWinPlayer1) for GameWinPlayer1
    spaceinvaders.o(i.CheckCollison) refers to spaceinvaders.o(.data) for player
    spaceinvaders.o(i.CheckCollison) refers to spaceinvaders.o(.bss) for bullet
    spaceinvaders.o(i.CheckCollison) refers to spaceinvaders.o(.constdata) for Explosion0
    spaceinvaders.o(i.CheckCollison) refers to sound.o(i.Sound_Explosion) for Sound_Explosion
    spaceinvaders.o(i.ClearExplosion) refers to st7735.o(i.ST7735_DrawBitmap) for ST7735_DrawBitmap
    spaceinvaders.o(i.ClearExplosion) refers to spaceinvaders.o(.data) for player
    spaceinvaders.o(i.ClearExplosion) refers to spaceinvaders.o(.bss) for enemy
    spaceinvaders.o(i.ClearExplosion) refers to spaceinvaders.o(.constdata) for Blank16
    spaceinvaders.o(i.DrawELazer) refers to random.o(.text) for Random
    spaceinvaders.o(i.DrawELazer) refers to st7735.o(i.ST7735_DrawBitmap) for ST7735_DrawBitmap
    spaceinvaders.o(i.DrawELazer) refers to timer1.o(i.Timer1A_Set) for Timer1A_Set
    spaceinvaders.o(i.DrawELazer) refers to spaceinvaders.o(.bss) for bullet
    spaceinvaders.o(i.DrawELazer) refers to spaceinvaders.o(.constdata) for ELazer
    spaceinvaders.o(i.DrawELazer) refers to sound.o(i.Sound_EShoot) for Sound_EShoot
    spaceinvaders.o(i.DrawLazer) refers to st7735.o(i.ST7735_DrawBitmap) for ST7735_DrawBitmap
    spaceinvaders.o(i.DrawLazer) refers to spaceinvaders.o(.data) for player
    spaceinvaders.o(i.DrawLazer) refers to spaceinvaders.o(.bss) for bullet
    spaceinvaders.o(i.DrawLazer) refers to spaceinvaders.o(.constdata) for Lazer
    spaceinvaders.o(i.ECheckCollision) refers to st7735.o(i.ST7735_DrawBitmap) for ST7735_DrawBitmap
    spaceinvaders.o(i.ECheckCollision) refers to timer1.o(i.Timer1A_Set) for Timer1A_Set
    spaceinvaders.o(i.ECheckCollision) refers to spaceinvaders.o(i.GameWinPlayer2) for GameWinPlayer2
    spaceinvaders.o(i.ECheckCollision) refers to spaceinvaders.o(i.GameOver) for GameOver
    spaceinvaders.o(i.ECheckCollision) refers to spaceinvaders.o(.bss) for bullet
    spaceinvaders.o(i.ECheckCollision) refers to spaceinvaders.o(.data) for player
    spaceinvaders.o(i.ECheckCollision) refers to spaceinvaders.o(.constdata) for Explosion0
    spaceinvaders.o(i.ECheckCollision) refers to sound.o(i.Sound_PExplode) for Sound_PExplode
    spaceinvaders.o(i.GPIOPortF_Handler) refers to timer1.o(i.Timer1A_Set) for Timer1A_Set
    spaceinvaders.o(i.GPIOPortF_Handler) refers to spaceinvaders.o(.bss) for bullet
[...]
    spaceinvaders.o(i.MoveLazer) refers to st7735.o(i.ST7735_DrawBitmap) for ST7735_DrawBitmap
    spaceinvaders.o(i.MoveLazer) refers to spaceinvaders.o(.bss) for bullet
    spaceinvaders.o(i.MoveLazer) refers to spaceinvaders.o(.constdata) for Lazer
    spaceinvaders.o(i.MultiDraw) refers to st7735.o(i.ST7735_DrawBitmap) for ST7735_DrawBitmap
    spaceinvaders.o(i.MultiDraw) refers to spaceinvaders.o(.data) for multi
    spaceinvaders.o(i.MultiDraw) refers to spaceinvaders.o(.bss) for bullet
    spaceinvaders.o(i.MultiDraw) refers to spaceinvaders.o(.constdata) for ELazer
    spaceinvaders.o(i.SetExplosion) refers to spaceinvaders.o(.bss) for enemy
    spaceinvaders.o(i.SysTick_Handler) refers to adc.o(i.ADC_In) for ADC_In
    spaceinvaders.o(i.SysTick_Handler) refers to spaceinvaders.o(.data) for data
    spaceinvaders.o(i.SysTick_Handler) refers to spaceinvaders.o(.bss) for bullet
    spaceinvaders.o(i.main) refers to texas.o(.text) for TExaS_Init
    spaceinvaders.o(i.main) refers to st7735.o(i.ST7735_InitR) for ST7735_InitR
    spaceinvaders.o(i.main) refers to adc.o(i.ADC_Init) for ADC_Init
    spaceinvaders.o(i.main) refers to spaceinvaders.o(i.SysTick_Init) for SysTick_Init
    spaceinvaders.o(i.main) refers to st7735.o(i.ST7735_FillScreen) for ST7735_FillScreen
    spaceinvaders.o(i.main) refers to spaceinvaders.o(i.PortF_Init) for PortF_Init
    spaceinvaders.o(i.main) refers to timer1.o(i.Timer1_Init) for Timer1_Init
    spaceinvaders.o(i.main) refers to dac.o(i.DAC_Init) for DAC_Init
    spaceinvaders.o(i.main) refers to spaceinvaders.o(i.playerInit) for playerInit
    spaceinvaders.o(i.main) refers to timer0.o(i.Timer0_Init) for Timer0_Init
    spaceinvaders.o(i.main) refers to startup.o(.text) for EnableInterrupts
    spaceinvaders.o(i.main) refers to adc.o(i.ADC_In) for ADC_In
    spaceinvaders.o(i.main) refers to random.o(.text) for Random_Init
    spaceinvaders.o(i.main) refers to st7735.o(i.ST7735_DrawBitmap) for ST7735_DrawBitmap
    spaceinvaders.o(i.main) refers to spaceinvaders.o(i.DrawELazer) for DrawELazer
    spaceinvaders.o(i.main) refers to spaceinvaders.o(i.MoveELazer) for MoveELazer
    spaceinvaders.o(i.main) refers to spaceinvaders.o(i.DrawLazer) for DrawLazer
    spaceinvaders.o(i.main) refers to spaceinvaders.o(i.MoveLazer) for MoveLazer
    spaceinvaders.o(i.main) refers to spaceinvaders.o(i.ClearExplosion) for ClearExplosion
    spaceinvaders.o(i.main) refers to spaceinvaders.o(i.GameWon) for GameWon
    spaceinvaders.o(i.main) refers to timer1.o(i.Timer1A_Set) for Timer1A_Set
    spaceinvaders.o(i.main) refers to spaceinvaders.o(i.MultiDraw) for MultiDraw
    spaceinvaders.o(i.main) refers to spaceinvaders.o(i.SetExplosion) for SetExplosion
    spaceinvaders.o(i.main) refers to spaceinvaders.o(.data) for player
    spaceinvaders.o(i.main) refers to spaceinvaders.o(.constdata) for Player0
    spaceinvaders.o(i.main) refers to spaceinvaders.o(.bss) for bullet
    spaceinvaders.o(i.main) refers to sound.o(i.Sound_Explosion) for Sound_Explosion
    spaceinvaders.o(i.playerInit) refers to st7735.o(i.ST7735_DrawBitmap) for ST7735_DrawBitmap
    spaceinvaders.o(i.playerInit) refers to st7735.o(i.ST7735_FillScreen) for ST7735_FillScreen
    spaceinvaders.o(i.playerInit) refers to st7735.o(i.ST7735_SetCursor) for ST7735_SetCursor
    spaceinvaders.o(i.playerInit) refers to st7735.o(i.ST7735_OutString) for ST7735_OutString
    spaceinvaders.o(i.playerInit) refers to spaceinvaders.o(.data) for player
    spaceinvaders.o(i.playerInit) refers to spaceinvaders.o(.constdata) for SmallEnemy10pointA
    spaceinvaders.o(i.playerInit) refers to spaceinvaders.o(.bss) for enemy
    st7735.o(i.Output_Clear) refers to st7735.o(i.ST7735_FillScreen) for ST7735_FillScreen
    st7735.o(i.Output_Color) refers to st7735.o(i.ST7735_SetTextColor) for ST7735_SetTextColor
    st7735.o(i.Output_Init) refers to st7735.o(i.ST7735_InitR) for ST7735_InitR
    st7735.o(i.Output_Init) refers to st7735.o(i.ST7735_FillScreen) for ST7735_FillScreen
    st7735.o(i.Output_Off) refers to st7735.o(i.Output_Clear) for Output_Clear
    st7735.o(i.Output_On) refers to st7735.o(i.Output_Init) for Output_Init
    st7735.o(i.ST7735_DrawBitmap) refers to st7735.o(i.setAddrWindow) for setAddrWindow
    st7735.o(i.ST7735_DrawBitmap) refers to lcd.o(.text) for writedata
    st7735.o(i.ST7735_DrawBitmap) refers to st7735.o(.data) for _width
    st7735.o(i.ST7735_DrawChar) refers to st7735.o(i.setAddrWindow) for setAddrWindow
    st7735.o(i.ST7735_DrawChar) refers to st7735.o(i.pushColor) for pushColor
    st7735.o(i.ST7735_DrawChar) refers to st7735.o(.data) for _width
    st7735.o(i.ST7735_DrawChar) refers to st7735.o(.constdata) for Font
    st7735.o(i.ST7735_DrawCharS) refers to st7735.o(i.ST7735_DrawPixel) for ST7735_DrawPixel
    st7735.o(i.ST7735_DrawCharS) refers to st7735.o(i.ST7735_FillRect) for ST7735_FillRect
    st7735.o(i.ST7735_DrawCharS) refers to st7735.o(.data) for _width
    st7735.o(i.ST7735_DrawCharS) refers to st7735.o(.constdata) for Font
    st7735.o(i.ST7735_DrawFastHLine) refers to st7735.o(i.setAddrWindow) for setAddrWindow
    st7735.o(i.ST7735_DrawFastHLine) refers to lcd.o(.text) for writedata
    st7735.o(i.ST7735_DrawFastHLine) refers to st7735.o(.data) for _width
    st7735.o(i.ST7735_DrawFastVLine) refers to st7735.o(i.setAddrWindow) for setAddrWindow
    st7735.o(i.ST7735_DrawFastVLine) refers to lcd.o(.text) for writedata
    st7735.o(i.ST7735_DrawFastVLine) refers to st7735.o(.data) for _width
    st7735.o(i.ST7735_DrawPixel) refers to st7735.o(i.setAddrWindow) for setAddrWindow
    st7735.o(i.ST7735_DrawPixel) refers to st7735.o(i.pushColor) for pushColor
    st7735.o(i.ST7735_DrawPixel) refers to st7735.o(.data) for _width
    st7735.o(i.ST7735_DrawString) refers to st7735.o(i.ST7735_DrawCharS) for ST7735_DrawCharS
    st7735.o(i.ST7735_FillRect) refers to st7735.o(i.setAddrWindow) for setAddrWindow
    st7735.o(i.ST7735_FillRect) refers to lcd.o(.text) for writedata
    st7735.o(i.ST7735_FillRect) refers to st7735.o(.data) for _width
    st7735.o(i.ST7735_FillScreen) refers to st7735.o(i.ST7735_FillRect) for ST7735_FillRect
    st7735.o(i.ST7735_FillScreen) refers to st7735.o(.data) for _height
    st7735.o(i.ST7735_InitB) refers to st7735.o(i.commonInit) for commonInit
    st7735.o(i.ST7735_InitB) refers to st7735.o(i.ST7735_SetCursor) for ST7735_SetCursor
    st7735.o(i.ST7735_InitB) refers to st7735.o(i.ST7735_FillScreen) for ST7735_FillScreen
    st7735.o(i.ST7735_InitB) refers to st7735.o(.constdata) for Bcmd
    st7735.o(i.ST7735_InitB) refers to st7735.o(.data) for StTextColor
    st7735.o(i.ST7735_InitR) refers to st7735.o(i.commonInit) for commonInit
    st7735.o(i.ST7735_InitR) refers to st7735.o(i.commandList) for commandList
    st7735.o(i.ST7735_InitR) refers to lcd.o(.text) for writecommand
    st7735.o(i.ST7735_InitR) refers to st7735.o(i.ST7735_SetCursor) for ST7735_SetCursor
    st7735.o(i.ST7735_InitR) refers to st7735.o(i.ST7735_FillScreen) for ST7735_FillScreen
    st7735.o(i.ST7735_InitR) refers to st7735.o(.constdata) for Rcmd1
    st7735.o(i.ST7735_InitR) refers to st7735.o(.data) for ColStart
    st7735.o(i.ST7735_InvertDisplay) refers to lcd.o(.text) for writecommand
    st7735.o(i.ST7735_OutChar) refers to st7735.o(i.ST7735_DrawString) for ST7735_DrawString
    st7735.o(i.ST7735_OutChar) refers to st7735.o(i.ST7735_DrawCharS) for ST7735_DrawCharS
    st7735.o(i.ST7735_OutChar) refers to st7735.o(.data) for StY
    st7735.o(i.ST7735_OutString) refers to st7735.o(i.ST7735_OutChar) for ST7735_OutChar
    st7735.o(i.ST7735_OutUDec) refers to st7735.o(i.fillmessage) for fillmessage
    st7735.o(i.ST7735_OutUDec) refers to st7735.o(i.ST7735_DrawString) for ST7735_DrawString
    st7735.o(i.ST7735_OutUDec) refers to st7735.o(i.ST7735_DrawCharS) for ST7735_DrawCharS
    st7735.o(i.ST7735_OutUDec) refers to st7735.o(.data) for Messageindex
    st7735.o(i.ST7735_OutUDec) refers to st7735.o(.bss) for Message
    st7735.o(i.ST7735_PlotBar) refers to st7735.o(i.ST7735_DrawFastVLine) for ST7735_DrawFastVLine
    st7735.o(i.ST7735_PlotBar) refers to st7735.o(.data) for Ymin
    st7735.o(i.ST7735_PlotClear) refers to st7735.o(i.ST7735_Color565) for ST7735_Color565
    st7735.o(i.ST7735_PlotClear) refers to st7735.o(i.ST7735_FillRect) for ST7735_FillRect
    st7735.o(i.ST7735_PlotClear) refers to st7735.o(.data) for Ymax
    st7735.o(i.ST7735_PlotLine) refers to st7735.o(i.ST7735_DrawPixel) for ST7735_DrawPixel
    st7735.o(i.ST7735_PlotLine) refers to st7735.o(.data) for Ymin
    st7735.o(i.ST7735_PlotNext) refers to st7735.o(.data) for X
    st7735.o(i.ST7735_PlotNextErase) refers to st7735.o(i.ST7735_Color565) for ST7735_Color565
    st7735.o(i.ST7735_PlotNextErase) refers to st7735.o(i.ST7735_DrawFastVLine) for ST7735_DrawFastVLine
    st7735.o(i.ST7735_PlotNextErase) refers to st7735.o(.data) for X
    st7735.o(i.ST7735_PlotPoint) refers to st7735.o(i.ST7735_DrawPixel) for ST7735_DrawPixel
    st7735.o(i.ST7735_PlotPoint) refers to st7735.o(.data) for Ymin
    st7735.o(i.ST7735_PlotPoints) refers to st7735.o(i.ST7735_DrawPixel) for ST7735_DrawPixel
    st7735.o(i.ST7735_PlotPoints) refers to st7735.o(.data) for Ymin
    st7735.o(i.ST7735_PlotdBfs) refers to st7735.o(i.ST7735_DrawFastVLine) for ST7735_DrawFastVLine
    st7735.o(i.ST7735_PlotdBfs) refers to st7735.o(.constdata) for dBfs
    st7735.o(i.ST7735_PlotdBfs) refers to st7735.o(.data) for X
    st7735.o(i.ST7735_SetCursor) refers to st7735.o(.data) for StX
    st7735.o(i.ST7735_SetRotation) refers to lcd.o(.text) for writecommand
    st7735.o(i.ST7735_SetRotation) refers to st7735.o(.data) for Rotation
    st7735.o(i.ST7735_SetTextColor) refers to st7735.o(.data) for StTextColor
    st7735.o(i.commandList) refers to lcd.o(.text) for writecommand
    st7735.o(i.commandList) refers to st7735.o(i.Delay1ms) for Delay1ms
    st7735.o(i.commonInit) refers to st7735.o(i.Delay1ms) for Delay1ms
    st7735.o(i.commonInit) refers to st7735.o(i.commandList) for commandList
    st7735.o(i.commonInit) refers to st7735.o(.data) for RowStart
    st7735.o(i.fillmessage) refers to st7735.o(.bss) for Message
    st7735.o(i.fillmessage) refers to st7735.o(.data) for Messageindex
    st7735.o(i.fputc) refers to st7735.o(i.ST7735_OutChar) for ST7735_OutChar
    st7735.o(i.pushColor) refers to lcd.o(.text) for writedata
    st7735.o(i.setAddrWindow) refers to lcd.o(.text) for writecommand
    st7735.o(i.setAddrWindow) refers to st7735.o(.data) for ColStart
    texas.o(.text) refers to texas.o(.bss) for TExaS
    texas.o(.text) refers to texas.o(.constdata) for IntroMsg
    texas.o(.text) refers to texas.o(.data) for LastMode
    __main.o(!!!main) refers to rtentry.o(.ARM.Collect$$rtentry$$00000000) for __rt_entry
    rtentry.o(.ARM.Collect$$rtentry$$00000000) refers (Special) to rtentry2.o(.ARM.Collect$$rtentry$$0000000A) for __rt_entry_li
    rtentry.o(.ARM.Collect$$rtentry$$00000000) refers (Special) to rtentry2.o(.ARM.Collect$$rtentry$$0000000D) for __rt_entry_main
    rtentry.o(.ARM.Collect$$rtentry$$00000000) refers (Special) to rtentry2.o(.ARM.Collect$$rtentry$$0000000C) for __rt_entry_postli_1
    rtentry.o(.ARM.Collect$$rtentry$$00000000) refers (Special) to rtentry2.o(.ARM.Collect$$rtentry$$00000009) for __rt_entry_postsh_1
    rtentry.o(.ARM.Collect$$rtentry$$00000000) refers (Special) to rtentry2.o(.ARM.Collect$$rtentry$$00000002) for __rt_entry_presh_1
    rtentry.o(.ARM.Collect$$rtentry$$00000000) refers (Special) to rtentry4.o(.ARM.Collect$$rtentry$$00000004) for __rt_entry_sh
    rtentry2.o(.ARM.Collect$$rtentry$$00000008) refers to boardinit2.o(.text) for _platform_post_stackheap_init
    rtentry2.o(.ARM.Collect$$rtentry$$0000000A) refers to libinit.o(.ARM.Collect$$libinit$$00000000) for __rt_lib_init
    rtentry2.o(.ARM.Collect$$rtentry$$0000000B) refers to boardinit3.o(.text) for _platform_post_lib_init
    rtentry2.o(.ARM.Collect$$rtentry$$0000000D) refers to spaceinvaders.o(i.main) for main
    rtentry2.o(.ARM.Collect$$rtentry$$0000000D) refers to exit.o(.text) for exit
    rtentry2.o(.ARM.exidx) refers to rtentry2.o(.ARM.Collect$$rtentry$$00000001) for .ARM.Collect$$rtentry$$00000001
    rtentry2.o(.ARM.exidx) refers to rtentry2.o(.ARM.Collect$$rtentry$$00000008) for .ARM.Collect$$rtentry$$00000008
    rtentry2.o(.ARM.exidx) refers to rtentry2.o(.ARM.Collect$$rtentry$$0000000A) for .ARM.Collect$$rtentry$$0000000A
    rtentry2.o(.ARM.exidx) refers to rtentry2.o(.ARM.Collect$$rtentry$$0000000B) for .ARM.Collect$$rtentry$$0000000B
    rtentry2.o(.ARM.exidx) refers to rtentry2.o(.ARM.Collect$$rtentry$$0000000D) for .ARM.Collect$$rtentry$$0000000D
    rtentry4.o(.ARM.Collect$$rtentry$$00000004) refers to sys_stackheap_outer.o(.text) for __user_setup_stackheap
    rtentry4.o(.ARM.exidx) refers to rtentry4.o(.ARM.Collect$$rtentry$$00000004) for .ARM.Collect$$rtentry$$00000004
    sys_stackheap_outer.o(.text) refers to libspace.o(.text) for __user_perproc_libspace
    sys_stackheap_outer.o(.text) refers to startup.o(.text) for __user_initial_stackheap
    exit.o(.text) refers to rtexit.o(.ARM.Collect$$rtexit$$00000000) for __rt_exit
    libinit.o(.ARM.Collect$$libinit$$00000000) refers (Special) to libinit2.o(.ARM.Collect$$libinit$$0000002C) for __rt_lib_init_alloca_1
    libinit.o(.ARM.Collect$$libinit$$00000000) refers (Special) to libinit2.o(.ARM.Collect$$libinit$$0000002A) for __rt_lib_init_argv_1
    libinit.o(.ARM.Collect$$libinit$$00000000) refers (Special) to libinit2.o(.ARM.Collect$$libinit$$00000019) for __rt_lib_init_atexit_1
    libinit.o(.ARM.Collect$$libinit$$00000000) refers (Special) to libinit2.o(.ARM.Collect$$libinit$$0000001F) for __rt_lib_init_clock_1
    libinit.o(.ARM.Collect$$libinit$$00000000) refers (Special) to libinit2.o(.ARM.Collect$$libinit$$00000030) for __rt_lib_init_cpp_1
    libinit.o(.ARM.Collect$$libinit$$00000000) refers (Special) to libinit2.o(.ARM.Collect$$libinit$$0000002E) for __rt_lib_init_exceptions_1
    libinit.o(.ARM.Collect$$libinit$$00000000) refers (Special) to libinit2.o(.ARM.Collect$$libinit$$00000002) for __rt_lib_init_fp_1
    libinit.o(.ARM.Collect$$libinit$$00000000) refers (Special) to libinit2.o(.ARM.Collect$$libinit$$0000001D) for __rt_lib_init_fp_trap_1
    libinit.o(.ARM.Collect$$libinit$$00000000) refers (Special) to libinit2.o(.ARM.Collect$$libinit$$00000021) for __rt_lib_init_getenv_1
    libinit.o(.ARM.Collect$$libinit$$00000000) refers (Special) to libinit2.o(.ARM.Collect$$libinit$$00000008) for __rt_lib_init_heap_1
    libinit.o(.ARM.Collect$$libinit$$00000000) refers (Special) to libinit2.o(.ARM.Collect$$libinit$$0000000F) for __rt_lib_init_lc_collate_1
    libinit.o(.ARM.Collect$$libinit$$00000000) refers (Special) to libinit2.o(.ARM.Collect$$libinit$$00000011) for __rt_lib_init_lc_ctype_1
    libinit.o(.ARM.Collect$$libinit$$00000000) refers (Special) to libinit2.o(.ARM.Collect$$libinit$$00000013) for __rt_lib_init_lc_monetary_1
    libinit.o(.ARM.Collect$$libinit$$00000000) refers (Special) to libinit2.o(.ARM.Collect$$libinit$$00000015) for __rt_lib_init_lc_numeric_1
    libinit.o(.ARM.Collect$$libinit$$00000000) refers (Special) to libinit2.o(.ARM.Collect$$libinit$$00000017) for __rt_lib_init_lc_time_1
    libinit.o(.ARM.Collect$$libinit$$00000000) refers (Special) to libinit2.o(.ARM.Collect$$libinit$$0000000C) for __rt_lib_init_rand_1
    libinit.o(.ARM.Collect$$libinit$$00000000) refers (Special) to libinit2.o(.ARM.Collect$$libinit$$00000031) for __rt_lib_init_return
    libinit.o(.ARM.Collect$$libinit$$00000000) refers (Special) to libinit2.o(.ARM.Collect$$libinit$$0000001B) for __rt_lib_init_signal_1
    libinit.o(.ARM.Collect$$libinit$$00000000) refers (Special) to libinit2.o(.ARM.Collect$$libinit$$00000023) for __rt_lib_init_stdio_1
    libinit.o(.ARM.Collect$$libinit$$00000000) refers (Special) to libinit2.o(.ARM.Collect$$libinit$$0000000A) for __rt_lib_init_user_alloc_1
    libspace.o(.text) refers to libspace.o(.bss) for __libspace_start
    rtexit.o(.ARM.Collect$$rtexit$$00000000) refers (Special) to rtexit2.o(.ARM.Collect$$rtexit$$00000004) for __rt_exit_exit
    rtexit.o(.ARM.Collect$$rtexit$$00000000) refers (Special) to rtexit2.o(.ARM.Collect$$rtexit$$00000003) for __rt_exit_ls
    rtexit.o(.ARM.Collect$$rtexit$$00000000) refers (Special) to rtexit2.o(.ARM.Collect$$rtexit$$00000002) for __rt_exit_prels_1
    rtexit.o(.ARM.exidx) refers (Special) to rtexit2.o(.ARM.Collect$$rtexit$$00000004) for __rt_exit_exit
    rtexit.o(.ARM.exidx) refers (Special) to rtexit2.o(.ARM.Collect$$rtexit$$00000003) for __rt_exit_ls
    rtexit.o(.ARM.exidx) refers (Special) to rtexit2.o(.ARM.Collect$$rtexit$$00000002) for __rt_exit_prels_1
    rtexit.o(.ARM.exidx) refers to rtexit.o(.ARM.Collect$$rtexit$$00000000) for .ARM.Collect$$rtexit$$00000000
    libinit2.o(.ARM.Collect$$libinit$$0000000E) refers to libinit2.o(.ARM.Collect$$libinit$$0000000D) for .ARM.Collect$$libinit$$0000000D
    libinit2.o(.ARM.Collect$$libinit$$00000010) refers to libinit2.o(.ARM.Collect$$libinit$$0000000D) for .ARM.Collect$$libinit$$0000000D
    libinit2.o(.ARM.Collect$$libinit$$00000012) refers to libinit2.o(.ARM.Collect$$libinit$$0000000D) for .ARM.Collect$$libinit$$0000000D
    libinit2.o(.ARM.Collect$$libinit$$00000014) refers to libinit2.o(.ARM.Collect$$libinit$$0000000D) for .ARM.Collect$$libinit$$0000000D
    libinit2.o(.ARM.Collect$$libinit$$00000016) refers to libinit2.o(.ARM.Collect$$libinit$$0000000D) for .ARM.Collect$$libinit$$0000000D
    libinit2.o(.ARM.Collect$$libinit$$00000024) refers to argv_veneer.o(.emb_text) for __ARM_argv_veneer
    libinit2.o(.ARM.Collect$$libinit$$00000025) refers to argv_veneer.o(.emb_text) for __ARM_argv_veneer
    rtexit2.o(.ARM.Collect$$rtexit$$00000003) refers to libshutdown.o(.ARM.Collect$$libshutdown$$00000000) for __rt_lib_shutdown
    rtexit2.o(.ARM.Collect$$rtexit$$00000004) refers to sys_exit.o(.text) for _sys_exit
    rtexit2.o(.ARM.exidx) refers to rtexit2.o(.ARM.Collect$$rtexit$$00000001) for .ARM.Collect$$rtexit$$00000001
    rtexit2.o(.ARM.exidx) refers to rtexit2.o(.ARM.Collect$$rtexit$$00000003) for .ARM.Collect$$rtexit$$00000003
    rtexit2.o(.ARM.exidx) refers to rtexit2.o(.ARM.Collect$$rtexit$$00000004) for .ARM.Collect$$rtexit$$00000004
    argv_veneer.o(.emb_text) refers to no_argv.o(.text) for __ARM_get_argv
    sys_exit.o(.text) refers (Special) to use_no_semi.o(.text) for __I$use$semihosting
    sys_exit.o(.text) refers (Special) to indicate_semi.o(.text) for __semihosting_library_function
    _get_argv_nomalloc.o(.text) refers (Special) to hrguard.o(.text) for __heap_region$guard
    _get_argv_nomalloc.o(.text) refers to defsig_rtmem_outer.o(.text) for __rt_SIGRTMEM
    _get_argv_nomalloc.o(.text) refers to sys_command.o(.text) for _sys_command_string
    libshutdown.o(.ARM.Collect$$libshutdown$$00000000) refers (Special) to libshutdown2.o(.ARM.Collect$$libshutdown$$00000006) for __rt_lib_shutdown_fp_trap_1
    libshutdown.o(.ARM.Collect$$libshutdown$$00000000) refers (Special) to libshutdown2.o(.ARM.Collect$$libshutdown$$0000000E) for __rt_lib_shutdown_heap_1
    libshutdown.o(.ARM.Collect$$libshutdown$$00000000) refers (Special) to libshutdown2.o(.ARM.Collect$$libshutdown$$0000000F) for __rt_lib_shutdown_return
    libshutdown.o(.ARM.Collect$$libshutdown$$00000000) refers (Special) to libshutdown2.o(.ARM.Collect$$libshutdown$$00000009) for __rt_lib_shutdown_signal_1
    libshutdown.o(.ARM.Collect$$libshutdown$$00000000) refers (Special) to libshutdown2.o(.ARM.Collect$$libshutdown$$00000003) for __rt_lib_shutdown_stdio_1
    libshutdown.o(.ARM.Collect$$libshutdown$$00000000) refers (Special) to libshutdown2.o(.ARM.Collect$$libshutdown$$0000000B) for __rt_lib_shutdown_user_alloc_1
    sys_command.o(.text) refers (Special) to use_no_semi.o(.text) for __I$use$semihosting
    sys_command.o(.text) refers (Special) to indicate_semi.o(.text) for __semihosting_library_function
    defsig_rtmem_outer.o(.text) refers to defsig_rtmem_inner.o(.text) for __rt_SIGRTMEM_inner
    defsig_rtmem_outer.o(.text) refers to defsig_exit.o(.text) for __sig_exit
    defsig_rtmem_formal.o(.text) refers to rt_raise.o(.text) for __rt_raise
    rt_raise.o(.text) refers to __raise.o(.text) for __raise
    rt_raise.o(.text) refers to sys_exit.o(.text) for _sys_exit
    defsig_exit.o(.text) refers to sys_exit.o(.text) for _sys_exit
    defsig_rtmem_inner.o(.text) refers to defsig_general.o(.text) for __default_signal_display
    __raise.o(.text) refers to defsig.o(CL$$defsig) for __default_signal_handler
    defsig_general.o(.text) refers to sys_wrch.o(.text) for _ttywrch
    sys_wrch.o(.text) refers (Special) to use_no_semi.o(.text) for __I$use$semihosting
    sys_wrch.o(.text) refers (Special) to indicate_semi.o(.text) for __semihosting_library_function
    defsig.o(CL$$defsig) refers to defsig_rtmem_inner.o(.text) for __rt_SIGRTMEM_inner
    defsig_abrt_inner.o(.text) refers to defsig_general.o(.text) for __default_signal_display
    defsig_fpe_inner.o(.text) refers to defsig_general.o(.text) for __default_signal_display
    defsig_rtred_inner.o(.text) refers to defsig_general.o(.text) for __default_signal_display
    defsig_stak_inner.o(.text) refers to defsig_general.o(.text) for __default_signal_display
    defsig_pvfn_inner.o(.text) refers to defsig_general.o(.text) for __default_signal_display
    defsig_cppl_inner.o(.text) refers to defsig_general.o(.text) for __default_signal_display
    defsig_segv_inner.o(.text) refers to defsig_general.o(.text) for __default_signal_display
    defsig_other.o(.text) refers to defsig_general.o(.text) for __default_signal_display


==============================================================================

Removing Unused input sections from the image.

    Removing sound.o(i.Sound_Init), (2 bytes).
    Removing sound.o(i.Sound_Killed), (2 bytes).
    Removing sound.o(i.Sound_Play), (2 bytes).
    Removing st7735.o(i.Output_Clear), (10 bytes).
    Removing st7735.o(i.Output_Color), (12 bytes).
    Removing st7735.o(i.Output_Init), (16 bytes).
    Removing st7735.o(i.Output_Off), (8 bytes).
    Removing st7735.o(i.Output_On), (8 bytes).
    Removing st7735.o(i.ST7735_Color565), (24 bytes).
    Removing st7735.o(i.ST7735_DrawChar), (268 bytes).
    Removing st7735.o(i.ST7735_DrawFastHLine), (124 bytes).
    Removing st7735.o(i.ST7735_DrawFastVLine), (124 bytes).
    Removing st7735.o(i.ST7735_InitB), (40 bytes).
    Removing st7735.o(i.ST7735_InvertDisplay), (22 bytes).
    Removing st7735.o(i.ST7735_PlotBar), (88 bytes).
    Removing st7735.o(i.ST7735_PlotClear), (92 bytes).
    Removing st7735.o(i.ST7735_PlotLine), (264 bytes).
    Removing st7735.o(i.ST7735_PlotNext), (32 bytes).
    Removing st7735.o(i.ST7735_PlotNextErase), (64 bytes).
    Removing st7735.o(i.ST7735_PlotPoint), (152 bytes).
    Removing st7735.o(i.ST7735_PlotPoints), (172 bytes).
    Removing st7735.o(i.ST7735_PlotdBfs), (60 bytes).
    Removing st7735.o(i.ST7735_SetRotation), (212 bytes).
    Removing st7735.o(i.ST7735_SetTextColor), (12 bytes).
    Removing st7735.o(i.ST7735_SwapColor), (18 bytes).
    Removing st7735.o(i.ferror), (8 bytes).
    Removing st7735.o(i.fgetc), (6 bytes).
    Removing st7735.o(i.fputc), (16 bytes).

28 unused section(s) (total 1858 bytes) removed from the image.

==============================================================================

Image Symbol Table

    Local Symbols

    Symbol Name                              Value     Ov Type        Size  Object(Section)

    RESET                                    0x00000000   Section      644  startup.o(RESET)
    ../clib/angel/boardlib.s                 0x00000000   Number         0  boardinit3.o ABSOLUTE
    ../clib/angel/boardlib.s                 0x00000000   Number         0  boardshut.o ABSOLUTE
    ../clib/angel/boardlib.s                 0x00000000   Number         0  boardinit2.o ABSOLUTE
    ../clib/angel/boardlib.s                 0x00000000   Number         0  boardinit1.o ABSOLUTE
    ../clib/angel/dclz77c.s                  0x00000000   Number         0  __dclz77c.o ABSOLUTE
    ../clib/angel/handlers.s                 0x00000000   Number         0  __scatter_zi.o ABSOLUTE
    ../clib/angel/kernel.s                   0x00000000   Number         0  rtexit2.o ABSOLUTE
    ../clib/angel/kernel.s                   0x00000000   Number         0  rtentry4.o ABSOLUTE
    ../clib/angel/kernel.s                   0x00000000   Number         0  rtentry2.o ABSOLUTE
    ../clib/angel/kernel.s                   0x00000000   Number         0  rtexit.o ABSOLUTE
    ../clib/angel/kernel.s                   0x00000000   Number         0  rtentry.o ABSOLUTE
    ../clib/angel/rt.s                       0x00000000   Number         0  rt_raise.o ABSOLUTE
    ../clib/angel/scatter.s                  0x00000000   Number         0  __scatter.o ABSOLUTE
    ../clib/angel/startup.s                  0x00000000   Number         0  __main.o ABSOLUTE
    ../clib/angel/sys.s                      0x00000000   Number         0  indicate_semi.o ABSOLUTE
    ../clib/angel/sys.s                      0x00000000   Number         0  use_no_semi.o ABSOLUTE
    ../clib/angel/sys.s                      0x00000000   Number         0  libspace.o ABSOLUTE
    ../clib/angel/sys.s                      0x00000000   Number         0  sys_stackheap_outer.o ABSOLUTE
    ../clib/angel/sysapp.c                   0x00000000   Number         0  sys_command.o ABSOLUTE
    ../clib/angel/sysapp.c                   0x00000000   Number         0  sys_exit.o ABSOLUTE
    ../clib/angel/sysapp.c                   0x00000000   Number         0  sys_wrch.o ABSOLUTE
    ../clib/armsys.c                         0x00000000   Number         0  no_argv.o ABSOLUTE
    ../clib/armsys.c                         0x00000000   Number         0  _get_argv_nomalloc.o ABSOLUTE
    ../clib/armsys.c                         0x00000000   Number         0  argv_veneer.o ABSOLUTE
    ../clib/armsys.c                         0x00000000   Number         0  argv_veneer.o ABSOLUTE
    ../clib/heapalloc.c                      0x00000000   Number         0  hrguard.o ABSOLUTE
    ../clib/heapaux.c                        0x00000000   Number         0  heapauxi.o ABSOLUTE
    ../clib/libinit.s                        0x00000000   Number         0  libinit.o ABSOLUTE
    ../clib/libinit.s                        0x00000000   Number         0  libshutdown.o ABSOLUTE
    ../clib/libinit.s                        0x00000000   Number         0  libinit2.o ABSOLUTE
    ../clib/libinit.s                        0x00000000   Number         0  libshutdown2.o ABSOLUTE
    ../clib/signal.c                         0x00000000   Number         0  defsig_pvfn_inner.o ABSOLUTE
    ../clib/signal.c                         0x00000000   Number         0  defsig_stak_inner.o ABSOLUTE
    ../clib/signal.c                         0x00000000   Number         0  defsig_rtred_inner.o ABSOLUTE
    ../clib/signal.c                         0x00000000   Number         0  defsig_fpe_inner.o ABSOLUTE
    ../clib/signal.c                         0x00000000   Number         0  defsig_abrt_inner.o ABSOLUTE
    ../clib/signal.c                         0x00000000   Number         0  __raise.o ABSOLUTE
    ../clib/signal.c                         0x00000000   Number         0  defsig_rtmem_inner.o ABSOLUTE
    ../clib/signal.c                         0x00000000   Number         0  defsig_exit.o ABSOLUTE
    ../clib/signal.c                         0x00000000   Number         0  defsig_rtmem_formal.o ABSOLUTE
    ../clib/signal.c                         0x00000000   Number         0  defsig_rtmem_outer.o ABSOLUTE
    ../clib/signal.c                         0x00000000   Number         0  defsig_general.o ABSOLUTE
    ../clib/signal.c                         0x00000000   Number         0  defsig_other.o ABSOLUTE
    ../clib/signal.c                         0x00000000   Number         0  defsig_segv_inner.o ABSOLUTE
    ../clib/signal.c                         0x00000000   Number         0  defsig_cppl_inner.o ABSOLUTE
    ../clib/signal.s                         0x00000000   Number         0  defsig.o ABSOLUTE
    ../clib/stdlib.c                         0x00000000   Number         0  exit.o ABSOLUTE
    ../fplib/fpinit.s                        0x00000000   Number         0  fpinit.o ABSOLUTE
    ADC.c                                    0x00000000   Number         0  adc.o ABSOLUTE
    DAC.c                                    0x00000000   Number         0  dac.o ABSOLUTE
    LCD.s                                    0x00000000   Number         0  lcd.o ABSOLUTE
    ST7735.c                                 0x00000000   Number         0  st7735.o ABSOLUTE
    Sound.c                                  0x00000000   Number         0  sound.o ABSOLUTE
    SpaceInvaders.c                          0x00000000   Number         0  spaceinvaders.o ABSOLUTE
    TExaS.c                                  0x00000000   Number         0  texas.o ABSOLUTE
    Timer0.c                                 0x00000000   Number         0  timer0.o ABSOLUTE
    Timer1.c                                 0x00000000   Number         0  timer1.o ABSOLUTE
    dc.s                                     0x00000000   Number         0  dc.o ABSOLUTE
    random.s                                 0x00000000   Number         0  random.o ABSOLUTE
    startup.s                                0x00000000   Number         0  startup.o ABSOLUTE
    !!!main                                  0x00000284   Section        8  __main.o(!!!main)
    !!!scatter                               0x0000028c   Section       52  __scatter.o(!!!scatter)
    !!dclz77c                                0x000002c0   Section      100  __dclz77c.o(!!dclz77c)
    !!handler_zi                             0x00000324   Section       28  __scatter_zi.o(!!handler_zi)
    .ARM.Collect$$libinit$$00000000          0x00000340   Section        2  libinit.o(.ARM.Collect$$libinit$$00000000)
    .ARM.Collect$$libinit$$00000002          0x00000342   Section        0  libinit2.o(.ARM.Collect$$libinit$$00000002)
    .ARM.Collect$$libinit$$00000008          0x00000342   Section        0  libinit2.o(.ARM.Collect$$libinit$$00000008)
    .ARM.Collect$$libinit$$0000000A          0x00000342   Section        0  libinit2.o(.ARM.Collect$$libinit$$0000000A)
    .ARM.Collect$$libinit$$0000000C          0x00000342   Section        0  libinit2.o(.ARM.Collect$$libinit$$0000000C)
    .ARM.Collect$$libinit$$0000000F          0x00000342   Section        0  libinit2.o(.ARM.Collect$$libinit$$0000000F)
    .ARM.Collect$$libinit$$00000011          0x00000342   Section        0  libinit2.o(.ARM.Collect$$libinit$$00000011)
    .ARM.Collect$$libinit$$00000013          0x00000342   Section        0  libinit2.o(.ARM.Collect$$libinit$$00000013)
    .ARM.Collect$$libinit$$00000015          0x00000342   Section        0  libinit2.o(.ARM.Collect$$libinit$$00000015)
    .ARM.Collect$$libinit$$00000017          0x00000342   Section        0  libinit2.o(.ARM.Collect$$libinit$$00000017)
    .ARM.Collect$$libinit$$00000019          0x00000342   Section        0  libinit2.o(.ARM.Collect$$libinit$$00000019)
    .ARM.Collect$$libinit$$0000001B          0x00000342   Section        0  libinit2.o(.ARM.Collect$$libinit$$0000001B)
    .ARM.Collect$$libinit$$0000001D          0x00000342   Section        0  libinit2.o(.ARM.Collect$$libinit$$0000001D)
    .ARM.Collect$$libinit$$0000001F          0x00000342   Section        0  libinit2.o(.ARM.Collect$$libinit$$0000001F)
    .ARM.Collect$$libinit$$00000021          0x00000342   Section        0  libinit2.o(.ARM.Collect$$libinit$$00000021)
    .ARM.Collect$$libinit$$00000023          0x00000342   Section        0  libinit2.o(.ARM.Collect$$libinit$$00000023)
    .ARM.Collect$$libinit$$0000002A          0x00000342   Section        0  libinit2.o(.ARM.Collect$$libinit$$0000002A)
    .ARM.Collect$$libinit$$0000002C          0x00000342   Section        0  libinit2.o(.ARM.Collect$$libinit$$0000002C)
    .ARM.Collect$$libinit$$0000002E          0x00000342   Section        0  libinit2.o(.ARM.Collect$$libinit$$0000002E)
    .ARM.Collect$$libinit$$00000030          0x00000342   Section        0  libinit2.o(.ARM.Collect$$libinit$$00000030)
    .ARM.Collect$$libinit$$00000031          0x00000342   Section        2  libinit2.o(.ARM.Collect$$libinit$$00000031)
    .ARM.Collect$$libshutdown$$00000000      0x00000344   Section        2  libshutdown.o(.ARM.Collect$$libshutdown$$00000000)
    .ARM.Collect$$libshutdown$$00000003      0x00000346   Section        0  libshutdown2.o(.ARM.Collect$$libshutdown$$00000003)
    .ARM.Collect$$libshutdown$$00000006      0x00000346   Section        0  libshutdown2.o(.ARM.Collect$$libshutdown$$00000006)
    .ARM.Collect$$libshutdown$$00000009      0x00000346   Section        0  libshutdown2.o(.ARM.Collect$$libshutdown$$00000009)
    .ARM.Collect$$libshutdown$$0000000B      0x00000346   Section        0  libshutdown2.o(.ARM.Collect$$libshutdown$$0000000B)
    .ARM.Collect$$libshutdown$$0000000E      0x00000346   Section        0  libshutdown2.o(.ARM.Collect$$libshutdown$$0000000E)
    .ARM.Collect$$libshutdown$$0000000F      0x00000346   Section        2  libshutdown2.o(.ARM.Collect$$libshutdown$$0000000F)
    .ARM.Collect$$rtentry$$00000000          0x00000348   Section        0  rtentry.o(.ARM.Collect$$rtentry$$00000000)
    .ARM.Collect$$rtentry$$00000002          0x00000348   Section        0  rtentry2.o(.ARM.Collect$$rtentry$$00000002)
    .ARM.Collect$$rtentry$$00000004          0x00000348   Section        6  rtentry4.o(.ARM.Collect$$rtentry$$00000004)
    .ARM.Collect$$rtentry$$00000009          0x0000034e   Section        0  rtentry2.o(.ARM.Collect$$rtentry$$00000009)
    .ARM.Collect$$rtentry$$0000000A          0x0000034e   Section        4  rtentry2.o(.ARM.Collect$$rtentry$$0000000A)
    .ARM.Collect$$rtentry$$0000000C          0x00000352   Section        0  rtentry2.o(.ARM.Collect$$rtentry$$0000000C)
    .ARM.Collect$$rtentry$$0000000D          0x00000352   Section        8  rtentry2.o(.ARM.Collect$$rtentry$$0000000D)
    .ARM.Collect$$rtexit$$00000000           0x0000035a   Section        2  rtexit.o(.ARM.Collect$$rtexit$$00000000)
    .ARM.Collect$$rtexit$$00000002           0x0000035c   Section        0  rtexit2.o(.ARM.Collect$$rtexit$$00000002)
    .ARM.Collect$$rtexit$$00000003           0x0000035c   Section        4  rtexit2.o(.ARM.Collect$$rtexit$$00000003)
    .ARM.Collect$$rtexit$$00000004           0x00000360   Section        6  rtexit2.o(.ARM.Collect$$rtexit$$00000004)
    .text                                    0x00000368   Section       48  startup.o(.text)
    .text                                    0x00000398   Section       60  random.o(.text)
    .text                                    0x000003d4   Section       80  lcd.o(.text)
    .text                                    0x00000424   Section        0  texas.o(.text)
    .text                                    0x000008c4   Section        0  heapauxi.o(.text)
    .text                                    0x000008ca   Section       74  sys_stackheap_outer.o(.text)
    .text                                    0x00000914   Section        0  exit.o(.text)
    .text                                    0x00000920   Section        8  libspace.o(.text)
    .text                                    0x00000928   Section        0  sys_exit.o(.text)
    .text                                    0x00000934   Section        2  use_no_semi.o(.text)
    .text                                    0x00000936   Section        0  indicate_semi.o(.text)
    i.ADC_In                                 0x00000938   Section        0  adc.o(i.ADC_In)
    i.ADC_Init                               0x00000968   Section        0  adc.o(i.ADC_Init)
    i.CheckCollison                          0x00000a5c   Section        0  spaceinvaders.o(i.CheckCollison)
    i.ClearExplosion                         0x00000d80   Section        0  spaceinvaders.o(i.ClearExplosion)
    i.DAC_Init                               0x00000e64   Section        0  dac.o(i.DAC_Init)
    i.DAC_Out                                0x00000eb4   Section        0  dac.o(i.DAC_Out)
    i.Delay1ms                               0x00000ec0   Section        0  st7735.o(i.Delay1ms)
    i.DrawELazer                             0x00000ee0   Section        0  spaceinvaders.o(i.DrawELazer)
    i.DrawLazer                              0x00000f44   Section        0  spaceinvaders.o(i.DrawLazer)
    i.ECheckCollision                        0x00000f94   Section        0  spaceinvaders.o(i.ECheckCollision)
    i.GPIOPortF_Handler                      0x00001034   Section        0  spaceinvaders.o(i.GPIOPortF_Handler)
    i.GameOver                               0x000010a0   Section        0  spaceinvaders.o(i.GameOver)
    i.GameWinPlayer1                         0x00001130   Section        0  spaceinvaders.o(i.GameWinPlayer1)
    i.GameWinPlayer2                         0x000011d8   Section        0  spaceinvaders.o(i.GameWinPlayer2)
    i.GameWon                                0x00001284   Section        0  spaceinvaders.o(i.GameWon)
    i.MoveELazer                             0x0000130c   Section        0  spaceinvaders.o(i.MoveELazer)
    i.MoveLazer                              0x00001344   Section        0  spaceinvaders.o(i.MoveLazer)
    i.MultiDraw                              0x0000137c   Section        0  spaceinvaders.o(i.MultiDraw)
    i.PortF_Init                             0x000013b8   Section        0  spaceinvaders.o(i.PortF_Init)
    i.ST7735_DrawBitmap                      0x0000149c   Section        0  st7735.o(i.ST7735_DrawBitmap)
    i.ST7735_DrawCharS                       0x000015bc   Section        0  st7735.o(i.ST7735_DrawCharS)
    i.ST7735_DrawPixel                       0x000016b0   Section        0  st7735.o(i.ST7735_DrawPixel)
    i.ST7735_DrawString                      0x000016f8   Section        0  st7735.o(i.ST7735_DrawString)
    i.ST7735_FillRect                        0x00001750   Section        0  st7735.o(i.ST7735_FillRect)
    i.ST7735_FillScreen                      0x000017fc   Section        0  st7735.o(i.ST7735_FillScreen)
    i.ST7735_InitR                           0x00001820   Section        0  st7735.o(i.ST7735_InitR)
    i.ST7735_OutChar                         0x0000189c   Section        0  st7735.o(i.ST7735_OutChar)
    i.ST7735_OutString                       0x00001970   Section        0  st7735.o(i.ST7735_OutString)
    i.ST7735_OutUDec                         0x00001988   Section        0  st7735.o(i.ST7735_OutUDec)
    i.ST7735_SetCursor                       0x00001a14   Section        0  st7735.o(i.ST7735_SetCursor)
    i.SetExplosion                           0x00001a34   Section        0  spaceinvaders.o(i.SetExplosion)
    i.Sound_EShoot                           0x00001a40   Section        0  sound.o(i.Sound_EShoot)
    i.Sound_Explosion                        0x00001a80   Section        0  sound.o(i.Sound_Explosion)
    i.Sound_PExplode                         0x00001abc   Section        0  sound.o(i.Sound_PExplode)
    i.Sound_Shoot                            0x00001afc   Section        0  sound.o(i.Sound_Shoot)
    i.SysTick_Handler                        0x00001b3c   Section        0  spaceinvaders.o(i.SysTick_Handler)
    i.SysTick_Init                           0x00001d00   Section        0  spaceinvaders.o(i.SysTick_Init)
    i.Timer0A_Handler                        0x00001d34   Section        0  timer0.o(i.Timer0A_Handler)
    i.Timer0_Init                            0x00001d58   Section        0  timer0.o(i.Timer0_Init)
    i.Timer1A_Handler                        0x00001db0   Section        0  timer1.o(i.Timer1A_Handler)
    i.Timer1A_Set                            0x00001dc8   Section        0  timer1.o(i.Timer1A_Set)
    i.Timer1_Init                            0x00001de8   Section        0  timer1.o(i.Timer1_Init)
    i.commandList                            0x00001e38   Section        0  st7735.o(i.commandList)
    commandList                              0x00001e39   Thumb Code    86  st7735.o(i.commandList)
    i.commonInit                             0x00001e90   Section        0  st7735.o(i.commonInit)
    commonInit                               0x00001e91   Thumb Code   340  st7735.o(i.commonInit)
    i.fillmessage                            0x00002014   Section        0  st7735.o(i.fillmessage)
    i.main                                   0x0000205c   Section        0  spaceinvaders.o(i.main)
    i.playerInit                             0x0000220c   Section        0  spaceinvaders.o(i.playerInit)
    i.pushColor                              0x0000250c   Section        0  st7735.o(i.pushColor)
    pushColor                                0x0000250d   Thumb Code    18  st7735.o(i.pushColor)
    i.setAddrWindow                          0x00002520   Section        0  st7735.o(i.setAddrWindow)
    setAddrWindow                            0x00002521   Thumb Code   106  st7735.o(i.setAddrWindow)
    .constdata                               0x00002594   Section     6616  sound.o(.constdata)
    .constdata                               0x00003f6c   Section     2462  spaceinvaders.o(.constdata)
    .constdata                               0x0000490a   Section     2018  st7735.o(.constdata)
    Font                                     0x0000490a   Data        1275  st7735.o(.constdata)
    Bcmd                                     0x00004e05   Data         103  st7735.o(.constdata)
    Rcmd1                                    0x00004e6c   Data          59  st7735.o(.constdata)
    Rcmd2green                               0x00004ea7   Data          13  st7735.o(.constdata)
    Rcmd2red                                 0x00004eb4   Data          13  st7735.o(.constdata)
    Rcmd3                                    0x00004ec1   Data          43  st7735.o(.constdata)
    .constdata                               0x000050ec   Section      240  texas.o(.constdata)
    .data                                    0x20000000   Section        4  timer0.o(.data)
    .data                                    0x20000004   Section        8  timer1.o(.data)
    .data                                    0x2000000c   Section     6010  sound.o(.data)
    Index                                    0x2000000c   Data           4  sound.o(.data)
    .data                                    0x20001788   Section       14  spaceinvaders.o(.data)
    player                                   0x2000178c   Data           8  spaceinvaders.o(.data)
    multi                                    0x20001794   Data           2  spaceinvaders.o(.data)
    .data                                    0x20001798   Section       44  st7735.o(.data)
    _width                                   0x200017a2   Data           2  st7735.o(.data)
    _height                                  0x200017a4   Data           2  st7735.o(.data)
    ColStart                                 0x200017ac   Data           1  st7735.o(.data)
    RowStart                                 0x200017ad   Data           1  st7735.o(.data)
    Rotation                                 0x200017ae   Data           1  st7735.o(.data)
    TabColor                                 0x200017af   Data           1  st7735.o(.data)
    .data                                    0x200017c4   Section       48  texas.o(.data)
    DATA                                     0x200017f4   Section        4  random.o(DATA)
    M                                        0x200017f4   Data           4  random.o(DATA)
    .bss                                     0x200017f8   Section       76  spaceinvaders.o(.bss)
    enemy                                    0x200017f8   Data          64  spaceinvaders.o(.bss)
    bullet                                   0x20001838   Data          12  spaceinvaders.o(.bss)
    .bss                                     0x20001844   Section       12  st7735.o(.bss)
    .bss                                     0x20001850   Section       56  texas.o(.bss)
    .bss                                     0x20001888   Section       96  libspace.o(.bss)
    HEAP                                     0x200018e8   Section        0  startup.o(HEAP)
    STACK                                    0x200018e8   Section     1024  startup.o(STACK)
    HeapMem                                  0x200018e8   Data           0  startup.o(HEAP)
    StackMem                                 0x200018e8   Data           0  startup.o(STACK)

    Global Symbols

    Symbol Name                              Value     Ov Type        Size  Object(Section)

    BuildAttributes$$THM_ISAv4$E$P$D$K$B$S$7EM$PE$A:L22UL41UL21$X:L11$S22US41US21$IEEE1$IW$USESV6$~STKCKD$USESV7$~SHL$OSPACE$ROPI$EBA8$UX$STANDARDLIB$REQ8$PRES8$EABIv2 0x00000000   Number         0  anon$$obj.o ABSOLUTE
    __ARM_use_no_argv                        0x00000000   Number         0  spaceinvaders.o ABSOLUTE
    __Vectors                                0x00000000   Data           0  startup.o(RESET)
    __ARM_exceptions_init                     - Undefined Weak Reference
    __alloca_initialize                       - Undefined Weak Reference
    __cpp_initialize__aeabi_                  - Undefined Weak Reference
    __cxa_finalize                            - Undefined Weak Reference
    __rt_locale                               - Undefined Weak Reference
    __sigvec_lookup                           - Undefined Weak Reference
    _atexit_init                              - Undefined Weak Reference
    _call_atexit_fns                          - Undefined Weak Reference
    _clock_init                               - Undefined Weak Reference
    _fp_trap_init                             - Undefined Weak Reference
    _fp_trap_shutdown                         - Undefined Weak Reference
    _get_lc_collate                           - Undefined Weak Reference
    _get_lc_ctype                             - Undefined Weak Reference
    _get_lc_monetary                          - Undefined Weak Reference
    _get_lc_numeric                           - Undefined Weak Reference
    _get_lc_time                              - Undefined Weak Reference
    _getenv_init                              - Undefined Weak Reference
    _handle_redirection                       - Undefined Weak Reference
    _init_alloc                               - Undefined Weak Reference
    _init_user_alloc                          - Undefined Weak Reference
    _initio                                   - Undefined Weak Reference
    _rand_init                                - Undefined Weak Reference
    _signal_finish                            - Undefined Weak Reference
    _signal_init                              - Undefined Weak Reference
    _terminate_alloc                          - Undefined Weak Reference
    _terminate_user_alloc                     - Undefined Weak Reference
    _terminateio                              - Undefined Weak Reference
    Reset_Handler                            0x0000026d   Thumb Code     0  startup.o(RESET)
    NMI_Handler                              0x00000271   Thumb Code     2  startup.o(RESET)
    HardFault_Handler                        0x00000273   Thumb Code     2  startup.o(RESET)
    MemManage_Handler                        0x00000275   Thumb Code     2  startup.o(RESET)
    BusFault_Handler                         0x00000277   Thumb Code     2  startup.o(RESET)
    UsageFault_Handler                       0x00000279   Thumb Code     2  startup.o(RESET)
    SVC_Handler                              0x0000027b   Thumb Code     2  startup.o(RESET)
    DebugMon_Handler                         0x0000027d   Thumb Code     2  startup.o(RESET)
    PendSV_Handler                           0x0000027f   Thumb Code     2  startup.o(RESET)
    ADC0Seq0_Handler                         0x00000283   Thumb Code     0  startup.o(RESET)
    ADC0Seq1_Handler                         0x00000283   Thumb Code     0  startup.o(RESET)
    ADC0Seq2_Handler                         0x00000283   Thumb Code     0  startup.o(RESET)
    ADC0Seq3_Handler                         0x00000283   Thumb Code     0  startup.o(RESET)
    ADC1Seq0_Handler                         0x00000283   Thumb Code     0  startup.o(RESET)
    ADC1Seq1_Handler                         0x00000283   Thumb Code     0  startup.o(RESET)
    ADC1Seq2_Handler                         0x00000283   Thumb Code     0  startup.o(RESET)
    ADC1Seq3_Handler                         0x00000283   Thumb Code     0  startup.o(RESET)
    CAN0_Handler                             0x00000283   Thumb Code     0  startup.o(RESET)
    CAN1_Handler                             0x00000283   Thumb Code     0  startup.o(RESET)
    CAN2_Handler                             0x00000283   Thumb Code     0  startup.o(RESET)
    Comp0_Handler                            0x00000283   Thumb Code     0  startup.o(RESET)
    Comp1_Handler                            0x00000283   Thumb Code     0  startup.o(RESET)
    Comp2_Handler                            0x00000283   Thumb Code     0  startup.o(RESET)
    Ethernet_Handler                         0x00000283   Thumb Code     0  startup.o(RESET)
    ExtBus_Handler                           0x00000283   Thumb Code     0  startup.o(RESET)
    FPU_Handler                              0x00000283   Thumb Code     0  startup.o(RESET)
    Fan0_Handler                             0x00000283   Thumb Code     0  startup.o(RESET)
    FlashCtl_Handler                         0x00000283   Thumb Code     0  startup.o(RESET)
    GPIOPortA_Handler                        0x00000283   Thumb Code     0  startup.o(RESET)
    GPIOPortB_Handler                        0x00000283   Thumb Code     0  startup.o(RESET)
    GPIOPortC_Handler                        0x00000283   Thumb Code     0  startup.o(RESET)
    GPIOPortD_Handler                        0x00000283   Thumb Code     0  startup.o(RESET)
    GPIOPortE_Handler                        0x00000283   Thumb Code     0  startup.o(RESET)
    GPIOPortG_Handler                        0x00000283   Thumb Code     0  startup.o(RESET)
    GPIOPortH_Handler                        0x00000283   Thumb Code     0  startup.o(RESET)
    GPIOPortJ_Handler                        0x00000283   Thumb Code     0  startup.o(RESET)
    GPIOPortK_Handler                        0x00000283   Thumb Code     0  startup.o(RESET)
    GPIOPortL_Handler                        0x00000283   Thumb Code     0  startup.o(RESET)
    GPIOPortM_Handler                        0x00000283   Thumb Code     0  startup.o(RESET)
    GPIOPortN_Handler                        0x00000283   Thumb Code     0  startup.o(RESET)
    GPIOPortP1_Handler                       0x00000283   Thumb Code     0  startup.o(RESET)
    GPIOPortP2_Handler                       0x00000283   Thumb Code     0  startup.o(RESET)
    GPIOPortP3_Handler                       0x00000283   Thumb Code     0  startup.o(RESET)
    GPIOPortP4_Handler                       0x00000283   Thumb Code     0  startup.o(RESET)
    GPIOPortP5_Handler                       0x00000283   Thumb Code     0  startup.o(RESET)
    GPIOPortP6_Handler                       0x00000283   Thumb Code     0  startup.o(RESET)
    GPIOPortP7_Handler                       0x00000283   Thumb Code     0  startup.o(RESET)
    GPIOPortP_Handler                        0x00000283   Thumb Code     0  startup.o(RESET)
    GPIOPortQ1_Handler                       0x00000283   Thumb Code     0  startup.o(RESET)
    GPIOPortQ2_Handler                       0x00000283   Thumb Code     0  startup.o(RESET)
    GPIOPortQ3_Handler                       0x00000283   Thumb Code     0  startup.o(RESET)
    GPIOPortQ4_Handler                       0x00000283   Thumb Code     0  startup.o(RESET)
    GPIOPortQ5_Handler                       0x00000283   Thumb Code     0  startup.o(RESET)
    GPIOPortQ6_Handler                       0x00000283   Thumb Code     0  startup.o(RESET)
    GPIOPortQ7_Handler                       0x00000283   Thumb Code     0  startup.o(RESET)
    GPIOPortQ_Handler                        0x00000283   Thumb Code     0  startup.o(RESET)
    GPIOPortR_Handler                        0x00000283   Thumb Code     0  startup.o(RESET)
    GPIOPortS_Handler                        0x00000283   Thumb Code     0  startup.o(RESET)
    Hibernate_Handler                        0x00000283   Thumb Code     0  startup.o(RESET)
    I2C0_Handler                             0x00000283   Thumb Code     0  startup.o(RESET)
    I2C1_Handler                             0x00000283   Thumb Code     0  startup.o(RESET)
    I2C2_Handler                             0x00000283   Thumb Code     0  startup.o(RESET)
    I2C3_Handler                             0x00000283   Thumb Code     0  startup.o(RESET)
    I2C4_Handler                             0x00000283   Thumb Code     0  startup.o(RESET)
    I2C5_Handler                             0x00000283   Thumb Code     0  startup.o(RESET)
    I2S0_Handler                             0x00000283   Thumb Code     0  startup.o(RESET)
    LPC0_Handler                             0x00000283   Thumb Code     0  startup.o(RESET)
    PECI0_Handler                            0x00000283   Thumb Code     0  startup.o(RESET)
    PWM0Fault_Handler                        0x00000283   Thumb Code     0  startup.o(RESET)
    PWM0Generator0_Handler                   0x00000283   Thumb Code     0  startup.o(RESET)
    PWM0Generator1_Handler                   0x00000283   Thumb Code     0  startup.o(RESET)
    PWM0Generator2_Handler                   0x00000283   Thumb Code     0  startup.o(RESET)
    PWM0Generator3_Handler                   0x00000283   Thumb Code     0  startup.o(RESET)
    PWM1Fault_Handler                        0x00000283   Thumb Code     0  startup.o(RESET)
    PWM1Generator0_Handler                   0x00000283   Thumb Code     0  startup.o(RESET)
    PWM1Generator1_Handler                   0x00000283   Thumb Code     0  startup.o(RESET)
    PWM1Generator2_Handler                   0x00000283   Thumb Code     0  startup.o(RESET)
    PWM1Generator3_Handler                   0x00000283   Thumb Code     0  startup.o(RESET)
    Quadrature0_Handler                      0x00000283   Thumb Code     0  startup.o(RESET)
    Quadrature1_Handler                      0x00000283   Thumb Code     0  startup.o(RESET)
    Quadrature2_Handler                      0x00000283   Thumb Code     0  startup.o(RESET)
    SSI0_Handler                             0x00000283   Thumb Code     0  startup.o(RESET)
    SSI1_Handler                             0x00000283   Thumb Code     0  startup.o(RESET)
    SSI2_Handler                             0x00000283   Thumb Code     0  startup.o(RESET)
    SSI3_Handler                             0x00000283   Thumb Code     0  startup.o(RESET)
    SysCtl_Handler                           0x00000283   Thumb Code     0  startup.o(RESET)
    Timer0B_Handler                          0x00000283   Thumb Code     0  startup.o(RESET)
    Timer1B_Handler                          0x00000283   Thumb Code     0  startup.o(RESET)
    Timer2A_Handler                          0x00000283   Thumb Code     0  startup.o(RESET)
    Timer2B_Handler                          0x00000283   Thumb Code     0  startup.o(RESET)
    Timer3A_Handler                          0x00000283   Thumb Code     0  startup.o(RESET)
    Timer3B_Handler                          0x00000283   Thumb Code     0  startup.o(RESET)
    Timer4B_Handler                          0x00000283   Thumb Code     0  startup.o(RESET)
    Timer5B_Handler                          0x00000283   Thumb Code     0  startup.o(RESET)
    UART0_Handler                            0x00000283   Thumb Code     0  startup.o(RESET)
    UART1_Handler                            0x00000283   Thumb Code     0  startup.o(RESET)
    UART2_Handler                            0x00000283   Thumb Code     0  startup.o(RESET)
    UART3_Handler                            0x00000283   Thumb Code     0  startup.o(RESET)
    UART4_Handler                            0x00000283   Thumb Code     0  startup.o(RESET)
    UART5_Handler                            0x00000283   Thumb Code     0  startup.o(RESET)
    UART6_Handler                            0x00000283   Thumb Code     0  startup.o(RESET)
    UART7_Handler                            0x00000283   Thumb Code     0  startup.o(RESET)
    USB0_Handler                             0x00000283   Thumb Code     0  startup.o(RESET)
    WDT_Handler                              0x00000283   Thumb Code     0  startup.o(RESET)
    WideTimer0A_Handler                      0x00000283   Thumb Code     0  startup.o(RESET)
    WideTimer0B_Handler                      0x00000283   Thumb Code     0  startup.o(RESET)
    WideTimer1A_Handler                      0x00000283   Thumb Code     0  startup.o(RESET)
    WideTimer1B_Handler                      0x00000283   Thumb Code     0  startup.o(RESET)
    WideTimer2A_Handler                      0x00000283   Thumb Code     0  startup.o(RESET)
    WideTimer2B_Handler                      0x00000283   Thumb Code     0  startup.o(RESET)
    WideTimer3A_Handler                      0x00000283   Thumb Code     0  startup.o(RESET)
    WideTimer3B_Handler                      0x00000283   Thumb Code     0  startup.o(RESET)
    WideTimer4A_Handler                      0x00000283   Thumb Code     0  startup.o(RESET)
    WideTimer4B_Handler                      0x00000283   Thumb Code     0  startup.o(RESET)
    WideTimer5A_Handler                      0x00000283   Thumb Code     0  startup.o(RESET)
    WideTimer5B_Handler                      0x00000283   Thumb Code     0  startup.o(RESET)
    uDMA_Error                               0x00000283   Thumb Code     0  startup.o(RESET)
    uDMA_Handler                             0x00000283   Thumb Code     0  startup.o(RESET)
    __main                                   0x00000285   Thumb Code     8  __main.o(!!!main)
    __scatterload                            0x0000028d   Thumb Code     0  __scatter.o(!!!scatter)
    __scatterload_rt2                        0x0000028d   Thumb Code    44  __scatter.o(!!!scatter)
    __scatterload_rt2_thumb_only             0x0000028d   Thumb Code     0  __scatter.o(!!!scatter)
    __scatterload_null                       0x0000029b   Thumb Code     0  __scatter.o(!!!scatter)
    __decompress                             0x000002c1   Thumb Code   100  __dclz77c.o(!!dclz77c)
    __decompress2                            0x000002c1   Thumb Code     0  __dclz77c.o(!!dclz77c)
    __scatterload_zeroinit                   0x00000325   Thumb Code    28  __scatter_zi.o(!!handler_zi)
    __rt_lib_init                            0x00000341   Thumb Code     0  libinit.o(.ARM.Collect$$libinit$$00000000)
    __rt_lib_init_alloca_1                   0x00000343   Thumb Code     0  libinit2.o(.ARM.Collect$$libinit$$0000002C)
    __rt_lib_init_argv_1                     0x00000343   Thumb Code     0  libinit2.o(.ARM.Collect$$libinit$$0000002A)
    __rt_lib_init_atexit_1                   0x00000343   Thumb Code     0  libinit2.o(.ARM.Collect$$libinit$$00000019)
    __rt_lib_init_clock_1                    0x00000343   Thumb Code     0  libinit2.o(.ARM.Collect$$libinit$$0000001F)
    __rt_lib_init_cpp_1                      0x00000343   Thumb Code     0  libinit2.o(.ARM.Collect$$libinit$$00000030)
    __rt_lib_init_exceptions_1               0x00000343   Thumb Code     0  libinit2.o(.ARM.Collect$$libinit$$0000002E)
    __rt_lib_init_fp_1                       0x00000343   Thumb Code     0  libinit2.o(.ARM.Collect$$libinit$$00000002)
    __rt_lib_init_fp_trap_1                  0x00000343   Thumb Code     0  libinit2.o(.ARM.Collect$$libinit$$0000001D)
    __rt_lib_init_getenv_1                   0x00000343   Thumb Code     0  libinit2.o(.ARM.Collect$$libinit$$00000021)
    __rt_lib_init_heap_1                     0x00000343   Thumb Code     0  libinit2.o(.ARM.Collect$$libinit$$00000008)
    __rt_lib_init_lc_collate_1               0x00000343   Thumb Code     0  libinit2.o(.ARM.Collect$$libinit$$0000000F)
    __rt_lib_init_lc_ctype_1                 0x00000343   Thumb Code     0  libinit2.o(.ARM.Collect$$libinit$$00000011)
    __rt_lib_init_lc_monetary_1              0x00000343   Thumb Code     0  libinit2.o(.ARM.Collect$$libinit$$00000013)
    __rt_lib_init_lc_numeric_1               0x00000343   Thumb Code     0  libinit2.o(.ARM.Collect$$libinit$$00000015)
    __rt_lib_init_lc_time_1                  0x00000343   Thumb Code     0  libinit2.o(.ARM.Collect$$libinit$$00000017)
    __rt_lib_init_rand_1                     0x00000343   Thumb Code     0  libinit2.o(.ARM.Collect$$libinit$$0000000C)
    __rt_lib_init_return                     0x00000343   Thumb Code     0  libinit2.o(.ARM.Collect$$libinit$$00000031)
    __rt_lib_init_signal_1                   0x00000343   Thumb Code     0  libinit2.o(.ARM.Collect$$libinit$$0000001B)
    __rt_lib_init_stdio_1                    0x00000343   Thumb Code     0  libinit2.o(.ARM.Collect$$libinit$$00000023)
    __rt_lib_init_user_alloc_1               0x00000343   Thumb Code     0  libinit2.o(.ARM.Collect$$libinit$$0000000A)
    __rt_lib_shutdown                        0x00000345   Thumb Code     0  libshutdown.o(.ARM.Collect$$libshutdown$$00000000)
    __rt_lib_shutdown_fp_trap_1              0x00000347   Thumb Code     0  libshutdown2.o(.ARM.Collect$$libshutdown$$00000006)
    __rt_lib_shutdown_heap_1                 0x00000347   Thumb Code     0  libshutdown2.o(.ARM.Collect$$libshutdown$$0000000E)
    __rt_lib_shutdown_return                 0x00000347   Thumb Code     0  libshutdown2.o(.ARM.Collect$$libshutdown$$0000000F)
    __rt_lib_shutdown_signal_1               0x00000347   Thumb Code     0  libshutdown2.o(.ARM.Collect$$libshutdown$$00000009)
    __rt_lib_shutdown_stdio_1                0x00000347   Thumb Code     0  libshutdown2.o(.ARM.Collect$$libshutdown$$00000003)
    __rt_lib_shutdown_user_alloc_1           0x00000347   Thumb Code     0  libshutdown2.o(.ARM.Collect$$libshutdown$$0000000B)
    __rt_entry                               0x00000349   Thumb Code     0  rtentry.o(.ARM.Collect$$rtentry$$00000000)
    __rt_entry_presh_1                       0x00000349   Thumb Code     0  rtentry2.o(.ARM.Collect$$rtentry$$00000002)
    __rt_entry_sh                            0x00000349   Thumb Code     0  rtentry4.o(.ARM.Collect$$rtentry$$00000004)
    __rt_entry_li                            0x0000034f   Thumb Code     0  rtentry2.o(.ARM.Collect$$rtentry$$0000000A)
    __rt_entry_postsh_1                      0x0000034f   Thumb Code     0  rtentry2.o(.ARM.Collect$$rtentry$$00000009)
    __rt_entry_main                          0x00000353   Thumb Code     0  rtentry2.o(.ARM.Collect$$rtentry$$0000000D)
    __rt_entry_postli_1                      0x00000353   Thumb Code     0  rtentry2.o(.ARM.Collect$$rtentry$$0000000C)
    __rt_exit                                0x0000035b   Thumb Code     0  rtexit.o(.ARM.Collect$$rtexit$$00000000)
    __rt_exit_ls                             0x0000035d   Thumb Code     0  rtexit2.o(.ARM.Collect$$rtexit$$00000003)
    __rt_exit_prels_1                        0x0000035d   Thumb Code     0  rtexit2.o(.ARM.Collect$$rtexit$$00000002)
    __rt_exit_exit                           0x00000361   Thumb Code     0  rtexit2.o(.ARM.Collect$$rtexit$$00000004)
    DisableInterrupts                        0x00000369   Thumb Code     0  startup.o(.text)
    EnableInterrupts                         0x0000036d   Thumb Code     0  startup.o(.text)
    StartCritical                            0x00000371   Thumb Code     0  startup.o(.text)
    EndCritical                              0x00000379   Thumb Code     0  startup.o(.text)
    WaitForInterrupt                         0x0000037f   Thumb Code     0  startup.o(.text)
    __user_initial_stackheap                 0x00000383   Thumb Code     0  startup.o(.text)
    Random_Init                              0x00000399   Thumb Code     0  random.o(.text)
    Random32                                 0x0000039f   Thumb Code     2  random.o(.text)
    Random                                   0x000003b1   Thumb Code     2  random.o(.text)
    writecommand                             0x000003d5   Thumb Code     0  lcd.o(.text)
    writedata                                0x000003fd   Thumb Code     0  lcd.o(.text)
    ADC1_Init                                0x00000425   Thumb Code   170  texas.o(.text)
    SetCode                                  0x000004cf   Thumb Code    20  texas.o(.text)
    UART0_Init                               0x000004e3   Thumb Code   162  texas.o(.text)
    SetCourse                                0x00000585   Thumb Code    22  texas.o(.text)
    PLL_Init                                 0x0000059b   Thumb Code   118  texas.o(.text)
    TExaS_Init                               0x00000611   Thumb Code   282  texas.o(.text)
    StopTimer4                               0x0000072b   Thumb Code    16  texas.o(.text)
    StartTimer4                              0x0000073b   Thumb Code    24  texas.o(.text)
    Timer4A_Handler                          0x00000753   Thumb Code    20  texas.o(.text)
    ADC1_In                                  0x00000767   Thumb Code     6  texas.o(.text)
    Timer5A_Handler                          0x0000076d   Thumb Code    34  texas.o(.text)
    TExaS_Stop                               0x0000078f   Thumb Code    18  texas.o(.text)
    copy                                     0x000007a1   Thumb Code    16  texas.o(.text)
    SetMode                                  0x000007b1   Thumb Code    22  texas.o(.text)
    UART0_InChar                             0x000007c7   Thumb Code    20  texas.o(.text)
    UART0_InCharNonBlocking                  0x000007db   Thumb Code    22  texas.o(.text)
    UART0_OutChar                            0x000007f1   Thumb Code   200  texas.o(.text)
    UART0_OutCharNonBlock                    0x000008b9   Thumb Code     6  texas.o(.text)
    __use_two_region_memory                  0x000008c5   Thumb Code     2  heapauxi.o(.text)
    __rt_heap_escrow$2region                 0x000008c7   Thumb Code     2  heapauxi.o(.text)
    __rt_heap_expand$2region                 0x000008c9   Thumb Code     2  heapauxi.o(.text)
    __user_setup_stackheap                   0x000008cb   Thumb Code    74  sys_stackheap_outer.o(.text)
    exit                                     0x00000915   Thumb Code    12  exit.o(.text)
    __user_libspace                          0x00000921   Thumb Code     8  libspace.o(.text)
    __user_perproc_libspace                  0x00000921   Thumb Code     0  libspace.o(.text)
    __user_perthread_libspace                0x00000921   Thumb Code     0  libspace.o(.text)
    _sys_exit                                0x00000929   Thumb Code     8  sys_exit.o(.text)
    __I$use$semihosting                      0x00000935   Thumb Code     0  use_no_semi.o(.text)
    __use_no_semihosting_swi                 0x00000935   Thumb Code     2  use_no_semi.o(.text)
    __semihosting_library_function           0x00000937   Thumb Code     0  indicate_semi.o(.text)
    ADC_In                                   0x00000939   Thumb Code    38  adc.o(i.ADC_In)
    ADC_Init                                 0x00000969   Thumb Code   204  adc.o(i.ADC_Init)
    CheckCollison                            0x00000a5d   Thumb Code   772  spaceinvaders.o(i.CheckCollison)
    ClearExplosion                           0x00000d81   Thumb Code   214  spaceinvaders.o(i.ClearExplosion)
    DAC_Init                                 0x00000e65   Thumb Code    68  dac.o(i.DAC_Init)
    DAC_Out                                  0x00000eb5   Thumb Code     6  dac.o(i.DAC_Out)
    Delay1ms                                 0x00000ec1   Thumb Code    32  st7735.o(i.Delay1ms)
    DrawELazer                               0x00000ee1   Thumb Code    84  spaceinvaders.o(i.DrawELazer)
    DrawLazer                                0x00000f45   Thumb Code    60  spaceinvaders.o(i.DrawLazer)
    ECheckCollision                          0x00000f95   Thumb Code   138  spaceinvaders.o(i.ECheckCollision)
    GPIOPortF_Handler                        0x00001035   Thumb Code    86  spaceinvaders.o(i.GPIOPortF_Handler)
    GameOver                                 0x000010a1   Thumb Code    82  spaceinvaders.o(i.GameOver)
    GameWinPlayer1                           0x00001131   Thumb Code   104  spaceinvaders.o(i.GameWinPlayer1)
    GameWinPlayer2                           0x000011d9   Thumb Code   106  spaceinvaders.o(i.GameWinPlayer2)
    GameWon                                  0x00001285   Thumb Code    80  spaceinvaders.o(i.GameWon)
    MoveELazer                               0x0000130d   Thumb Code    46  spaceinvaders.o(i.MoveELazer)
    MoveLazer                                0x00001345   Thumb Code    46  spaceinvaders.o(i.MoveLazer)
    MultiDraw                                0x0000137d   Thumb Code    48  spaceinvaders.o(i.MultiDraw)
    PortF_Init                               0x000013b9   Thumb Code   204  spaceinvaders.o(i.PortF_Init)
    ST7735_DrawBitmap                        0x0000149d   Thumb Code   280  st7735.o(i.ST7735_DrawBitmap)
    ST7735_DrawCharS                         0x000015bd   Thumb Code   232  st7735.o(i.ST7735_DrawCharS)
    ST7735_DrawPixel                         0x000016b1   Thumb Code    64  st7735.o(i.ST7735_DrawPixel)
    ST7735_DrawString                        0x000016f9   Thumb Code    86  st7735.o(i.ST7735_DrawString)
    ST7735_FillRect                          0x00001751   Thumb Code   164  st7735.o(i.ST7735_FillRect)
    ST7735_FillScreen                        0x000017fd   Thumb Code    28  st7735.o(i.ST7735_FillScreen)
    ST7735_InitR                             0x00001821   Thumb Code    90  st7735.o(i.ST7735_InitR)
    ST7735_OutChar                           0x0000189d   Thumb Code   176  st7735.o(i.ST7735_OutChar)
    ST7735_OutString                         0x00001971   Thumb Code    24  st7735.o(i.ST7735_OutString)
    ST7735_OutUDec                           0x00001989   Thumb Code   118  st7735.o(i.ST7735_OutUDec)
    ST7735_SetCursor                         0x00001a15   Thumb Code    22  st7735.o(i.ST7735_SetCursor)
    SetExplosion                             0x00001a35   Thumb Code     8  spaceinvaders.o(i.SetExplosion)
    Sound_EShoot                             0x00001a41   Thumb Code    50  sound.o(i.Sound_EShoot)
    Sound_Explosion                          0x00001a81   Thumb Code    48  sound.o(i.Sound_Explosion)
    Sound_PExplode                           0x00001abd   Thumb Code    50  sound.o(i.Sound_PExplode)
    Sound_Shoot                              0x00001afd   Thumb Code    50  sound.o(i.Sound_Shoot)
    SysTick_Handler                          0x00001b3d   Thumb Code   434  spaceinvaders.o(i.SysTick_Handler)
    SysTick_Init                             0x00001d01   Thumb Code    42  spaceinvaders.o(i.SysTick_Init)
    Timer0A_Handler                          0x00001d35   Thumb Code    28  timer0.o(i.Timer0A_Handler)
    Timer0_Init                              0x00001d59   Thumb Code    68  timer0.o(i.Timer0_Init)
    Timer1A_Handler                          0x00001db1   Thumb Code    16  timer1.o(i.Timer1A_Handler)
    Timer1A_Set                              0x00001dc9   Thumb Code    20  timer1.o(i.Timer1A_Set)
    Timer1_Init                              0x00001de9   Thumb Code    64  timer1.o(i.Timer1_Init)
    fillmessage                              0x00002015   Thumb Code    64  st7735.o(i.fillmessage)
    main                                     0x0000205d   Thumb Code   396  spaceinvaders.o(i.main)
    playerInit                               0x0000220d   Thumb Code   728  spaceinvaders.o(i.playerInit)
    Laser                                    0x00002594   Data        2904  sound.o(.constdata)
    Explosion                                0x000030ec   Data        3712  sound.o(.constdata)
    SmallEnemy10pointA                       0x00003f6c   Data         320  spaceinvaders.o(.constdata)
    SmallEnemy20pointA                       0x000040ac   Data         320  spaceinvaders.o(.constdata)
    SmallEnemy30pointA                       0x000041ec   Data         320  spaceinvaders.o(.constdata)
    Lazer                                    0x0000432c   Data          14  spaceinvaders.o(.constdata)
    ELazer                                   0x0000433a   Data          14  spaceinvaders.o(.constdata)
    Player0                                  0x00004348   Data         450  spaceinvaders.o(.constdata)
    Explosion0                               0x0000450a   Data         512  spaceinvaders.o(.constdata)
    Blank16                                  0x0000470a   Data         512  spaceinvaders.o(.constdata)
    dBfs                                     0x00004eec   Data         512  st7735.o(.constdata)
    InputPortMsg                             0x000050ec   Data          40  texas.o(.constdata)
    OutputPortMsg                            0x00005114   Data          40  texas.o(.constdata)
    BlankMsg                                 0x0000513c   Data          40  texas.o(.constdata)
    InitializedMsg                           0x00005164   Data          40  texas.o(.constdata)
    IntroMsg                                 0x0000518c   Data          40  texas.o(.constdata)
    DoneMsg                                  0x000051b4   Data          40  texas.o(.constdata)
    Region$$Table$$Base                      0x000051dc   Number         0  anon$$obj.o(Region$$Table)
    Region$$Table$$Limit                     0x000051fc   Number         0  anon$$obj.o(Region$$Table)
    PeriodicTask0                            0x20000000   Data           4  timer0.o(.data)
    PeriodicTask1                            0x20000004   Data           4  timer1.o(.data)
    Index                                    0x20000008   Data           4  timer1.o(.data)
    enemylasersound                          0x20000010   Data        2279  sound.o(.data)
    playerexplode                            0x200008f7   Data        3727  sound.o(.data)
    data                                     0x20001788   Data           4  spaceinvaders.o(.data)
    StX                                      0x20001798   Data           4  st7735.o(.data)
    StY                                      0x2000179c   Data           4  st7735.o(.data)
    StTextColor                              0x200017a0   Data           2  st7735.o(.data)
    lastj                                    0x200017a8   Data           4  st7735.o(.data)
    Messageindex                             0x200017b0   Data           4  st7735.o(.data)
    Ymax                                     0x200017b4   Data           4  st7735.o(.data)
    Ymin                                     0x200017b8   Data           4  st7735.o(.data)
    X                                        0x200017bc   Data           4  st7735.o(.data)
    Yrange                                   0x200017c0   Data           4  st7735.o(.data)
    TExaS_Period                             0x200017c4   Data           4  texas.o(.data)
    TExaS_Ports                              0x200017c8   Data           8  texas.o(.data)
    TExaS_Meter                              0x200017d0   Data           4  texas.o(.data)
    ADCnum                                   0x200017d4   Data           4  texas.o(.data)
    LastMode                                 0x200017d8   Data           4  texas.o(.data)
    bFlag                                    0x200017dc   Data           4  texas.o(.data)
    Count                                    0x200017e0   Data           4  texas.o(.data)
    DelayBetweenTests                        0x200017e4   Data           4  texas.o(.data)
    TExaS_Test                               0x200017e8   Data           4  texas.o(.data)
    ScopeMode                                0x200017ec   Data           4  texas.o(.data)
    ScopeCount                               0x200017f0   Data           4  texas.o(.data)
    Message                                  0x20001844   Data          12  st7735.o(.bss)
    TExaS                                    0x20001850   Data          56  texas.o(.bss)
    __libspace_start                         0x20001888   Data          96  libspace.o(.bss)
    __temporary_stack_top$libspace           0x200018e8   Data           0  libspace.o(.bss)



==============================================================================

Memory Map of the image

  Image Entry point : 0x0000026d

  Load Region LR_1 (Base: 0x00000000, Size: 0x000069f4, Max: 0xffffffff, ABSOLUTE, COMPRESSED[0x00005c44])

    Execution Region ER_RO (Base: 0x00000000, Size: 0x000051fc, Max: 0xffffffff, ABSOLUTE)

    Base Addr    Size         Type   Attr      Idx    E Section Name        Object

    0x00000000   0x00000284   Code   RO            3  * RESET               startup.o
    0x00000284   0x00000008   Code   RO          580  * !!!main             c_w.l(__main.o)
    0x0000028c   0x00000034   Code   RO          736    !!!scatter          c_w.l(__scatter.o)
    0x000002c0   0x00000064   Code   RO          734    !!dclz77c           c_w.l(__dclz77c.o)
    0x00000324   0x0000001c   Code   RO          738    !!handler_zi        c_w.l(__scatter_zi.o)
    0x00000340   0x00000002   Code   RO          607    .ARM.Collect$$libinit$$00000000  c_w.l(libinit.o)
    0x00000342   0x00000000   Code   RO          614    .ARM.Collect$$libinit$$00000002  c_w.l(libinit2.o)
    0x00000342   0x00000000   Code   RO          617    .ARM.Collect$$libinit$$00000008  c_w.l(libinit2.o)
    0x00000342   0x00000000   Code   RO          619    .ARM.Collect$$libinit$$0000000A  c_w.l(libinit2.o)
    0x00000342   0x00000000   Code   RO          621    .ARM.Collect$$libinit$$0000000C  c_w.l(libinit2.o)
    0x00000342   0x00000000   Code   RO          624    .ARM.Collect$$libinit$$0000000F  c_w.l(libinit2.o)
    0x00000342   0x00000000   Code   RO          626    .ARM.Collect$$libinit$$00000011  c_w.l(libinit2.o)
    0x00000342   0x00000000   Code   RO          628    .ARM.Collect$$libinit$$00000013  c_w.l(libinit2.o)
    0x00000342   0x00000000   Code   RO          630    .ARM.Collect$$libinit$$00000015  c_w.l(libinit2.o)
    0x00000342   0x00000000   Code   RO          632    .ARM.Collect$$libinit$$00000017  c_w.l(libinit2.o)
    0x00000342   0x00000000   Code   RO          634    .ARM.Collect$$libinit$$00000019  c_w.l(libinit2.o)
    0x00000342   0x00000000   Code   RO          636    .ARM.Collect$$libinit$$0000001B  c_w.l(libinit2.o)
    0x00000342   0x00000000   Code   RO          638    .ARM.Collect$$libinit$$0000001D  c_w.l(libinit2.o)
    0x00000342   0x00000000   Code   RO          640    .ARM.Collect$$libinit$$0000001F  c_w.l(libinit2.o)
    0x00000342   0x00000000   Code   RO          642    .ARM.Collect$$libinit$$00000021  c_w.l(libinit2.o)
    0x00000342   0x00000000   Code   RO          644    .ARM.Collect$$libinit$$00000023  c_w.l(libinit2.o)
    0x00000342   0x00000000   Code   RO          648    .ARM.Collect$$libinit$$0000002A  c_w.l(libinit2.o)
    0x00000342   0x00000000   Code   RO          650    .ARM.Collect$$libinit$$0000002C  c_w.l(libinit2.o)
    0x00000342   0x00000000   Code   RO          652    .ARM.Collect$$libinit$$0000002E  c_w.l(libinit2.o)
    0x00000342   0x00000000   Code   RO          654    .ARM.Collect$$libinit$$00000030  c_w.l(libinit2.o)
    0x00000342   0x00000002   Code   RO          655    .ARM.Collect$$libinit$$00000031  c_w.l(libinit2.o)
    0x00000344   0x00000002   Code   RO          675    .ARM.Collect$$libshutdown$$00000000  c_w.l(libshutdown.o)
    0x00000346   0x00000000   Code   RO          689    .ARM.Collect$$libshutdown$$00000003  c_w.l(libshutdown2.o)
    0x00000346   0x00000000   Code   RO          692    .ARM.Collect$$libshutdown$$00000006  c_w.l(libshutdown2.o)
    0x00000346   0x00000000   Code   RO          695    .ARM.Collect$$libshutdown$$00000009  c_w.l(libshutdown2.o)
    0x00000346   0x00000000   Code   RO          697    .ARM.Collect$$libshutdown$$0000000B  c_w.l(libshutdown2.o)
    0x00000346   0x00000000   Code   RO          700    .ARM.Collect$$libshutdown$$0000000E  c_w.l(libshutdown2.o)
    0x00000346   0x00000002   Code   RO          701    .ARM.Collect$$libshutdown$$0000000F  c_w.l(libshutdown2.o)
    0x00000348   0x00000000   Code   RO          582    .ARM.Collect$$rtentry$$00000000  c_w.l(rtentry.o)
    0x00000348   0x00000000   Code   RO          584    .ARM.Collect$$rtentry$$00000002  c_w.l(rtentry2.o)
    0x00000348   0x00000006   Code   RO          596    .ARM.Collect$$rtentry$$00000004  c_w.l(rtentry4.o)
    0x0000034e   0x00000000   Code   RO          586    .ARM.Collect$$rtentry$$00000009  c_w.l(rtentry2.o)
    0x0000034e   0x00000004   Code   RO          587    .ARM.Collect$$rtentry$$0000000A  c_w.l(rtentry2.o)
    0x00000352   0x00000000   Code   RO          589    .ARM.Collect$$rtentry$$0000000C  c_w.l(rtentry2.o)
    0x00000352   0x00000008   Code   RO          590    .ARM.Collect$$rtentry$$0000000D  c_w.l(rtentry2.o)
    0x0000035a   0x00000002   Code   RO          611    .ARM.Collect$$rtexit$$00000000  c_w.l(rtexit.o)
    0x0000035c   0x00000000   Code   RO          657    .ARM.Collect$$rtexit$$00000002  c_w.l(rtexit2.o)
    0x0000035c   0x00000004   Code   RO          658    .ARM.Collect$$rtexit$$00000003  c_w.l(rtexit2.o)
    0x00000360   0x00000006   Code   RO          659    .ARM.Collect$$rtexit$$00000004  c_w.l(rtexit2.o)
    0x00000366   0x00000002   PAD
    0x00000368   0x00000030   Code   RO            4    .text               startup.o
    0x00000398   0x0000003c   Code   RO           13    .text               random.o
    0x000003d4   0x00000050   Code   RO          162    .text               lcd.o
    0x00000424   0x000004a0   Code   RO          559    .text               texas.o
    0x000008c4   0x00000006   Code   RO          578    .text               c_w.l(heapauxi.o)
    0x000008ca   0x0000004a   Code   RO          598    .text               c_w.l(sys_stackheap_outer.o)
    0x00000914   0x0000000c   Code   RO          600    .text               c_w.l(exit.o)
    0x00000920   0x00000008   Code   RO          608    .text               c_w.l(libspace.o)
    0x00000928   0x0000000c   Code   RO          667    .text               c_w.l(sys_exit.o)
    0x00000934   0x00000002   Code   RO          678    .text               c_w.l(use_no_semi.o)
    0x00000936   0x00000000   Code   RO          680    .text               c_w.l(indicate_semi.o)
    0x00000936   0x00000002   PAD
    0x00000938   0x00000030   Code   RO           41    i.ADC_In            adc.o
    0x00000968   0x000000f4   Code   RO           42    i.ADC_Init          adc.o
    0x00000a5c   0x00000324   Code   RO          165    i.CheckCollison     spaceinvaders.o
    0x00000d80   0x000000e4   Code   RO          166    i.ClearExplosion    spaceinvaders.o
    0x00000e64   0x00000050   Code   RO           16    i.DAC_Init          dac.o
    0x00000eb4   0x0000000c   Code   RO           17    i.DAC_Out           dac.o
    0x00000ec0   0x00000020   Code   RO          296    i.Delay1ms          st7735.o
    0x00000ee0   0x00000064   Code   RO          167    i.DrawELazer        spaceinvaders.o
    0x00000f44   0x00000050   Code   RO          168    i.DrawLazer         spaceinvaders.o
    0x00000f94   0x000000a0   Code   RO          169    i.ECheckCollision   spaceinvaders.o
    0x00001034   0x0000006c   Code   RO          170    i.GPIOPortF_Handler  spaceinvaders.o
    0x000010a0   0x00000090   Code   RO          171    i.GameOver          spaceinvaders.o
    0x00001130   0x000000a8   Code   RO          172    i.GameWinPlayer1    spaceinvaders.o
    0x000011d8   0x000000ac   Code   RO          173    i.GameWinPlayer2    spaceinvaders.o
    0x00001284   0x00000088   Code   RO          174    i.GameWon           spaceinvaders.o
    0x0000130c   0x00000038   Code   RO          175    i.MoveELazer        spaceinvaders.o
    0x00001344   0x00000038   Code   RO          176    i.MoveLazer         spaceinvaders.o
    0x0000137c   0x0000003c   Code   RO          177    i.MultiDraw         spaceinvaders.o
    0x000013b8   0x000000e4   Code   RO          178    i.PortF_Init        spaceinvaders.o
    0x0000149c   0x00000120   Code   RO          303    i.ST7735_DrawBitmap  st7735.o
    0x000015bc   0x000000f4   Code   RO          305    i.ST7735_DrawCharS  st7735.o
    0x000016b0   0x00000048   Code   RO          308    i.ST7735_DrawPixel  st7735.o
    0x000016f8   0x00000056   Code   RO          309    i.ST7735_DrawString  st7735.o
    0x0000174e   0x00000002   PAD
    0x00001750   0x000000ac   Code   RO          310    i.ST7735_FillRect   st7735.o
    0x000017fc   0x00000024   Code   RO          311    i.ST7735_FillScreen  st7735.o
    0x00001820   0x0000007c   Code   RO          313    i.ST7735_InitR      st7735.o
    0x0000189c   0x000000d4   Code   RO          315    i.ST7735_OutChar    st7735.o
    0x00001970   0x00000018   Code   RO          316    i.ST7735_OutString  st7735.o
    0x00001988   0x0000008c   Code   RO          317    i.ST7735_OutUDec    st7735.o
    0x00001a14   0x00000020   Code   RO          326    i.ST7735_SetCursor  st7735.o
    0x00001a34   0x0000000c   Code   RO          179    i.SetExplosion      spaceinvaders.o
    0x00001a40   0x00000040   Code   RO          107    i.Sound_EShoot      sound.o
    0x00001a80   0x0000003c   Code   RO          108    i.Sound_Explosion   sound.o
    0x00001abc   0x00000040   Code   RO          111    i.Sound_PExplode    sound.o
    0x00001afc   0x00000040   Code   RO          113    i.Sound_Shoot       sound.o
    0x00001b3c   0x000001c4   Code   RO          180    i.SysTick_Handler   spaceinvaders.o
    0x00001d00   0x00000034   Code   RO          181    i.SysTick_Init      spaceinvaders.o
    0x00001d34   0x00000024   Code   RO           59    i.Timer0A_Handler   timer0.o
    0x00001d58   0x00000058   Code   RO           60    i.Timer0_Init       timer0.o
    0x00001db0   0x00000018   Code   RO           80    i.Timer1A_Handler   timer1.o
    0x00001dc8   0x00000020   Code   RO           81    i.Timer1A_Set       timer1.o
    0x00001de8   0x00000050   Code   RO           82    i.Timer1_Init       timer1.o
    0x00001e38   0x00000056   Code   RO          330    i.commandList       st7735.o
    0x00001e8e   0x00000002   PAD
    0x00001e90   0x00000184   Code   RO          331    i.commonInit        st7735.o
    0x00002014   0x00000048   Code   RO          334    i.fillmessage       st7735.o
    0x0000205c   0x000001b0   Code   RO          182    i.main              spaceinvaders.o
    0x0000220c   0x00000300   Code   RO          183    i.playerInit        spaceinvaders.o
    0x0000250c   0x00000012   Code   RO          336    i.pushColor         st7735.o
    0x0000251e   0x00000002   PAD
    0x00002520   0x00000074   Code   RO          337    i.setAddrWindow     st7735.o
    0x00002594   0x000019d8   Data   RO          114    .constdata          sound.o
    0x00003f6c   0x0000099e   Data   RO          185    .constdata          spaceinvaders.o
    0x0000490a   0x000007e2   Data   RO          339    .constdata          st7735.o
    0x000050ec   0x000000f0   Data   RO          561    .constdata          texas.o
    0x000051dc   0x00000020   Data   RO          732    Region$$Table       anon$$obj.o


    Execution Region ER_RW (Base: 0x20000000, Size: 0x000017f8, Max: 0xffffffff, ABSOLUTE, COMPRESSED[0x00000a48])

    Base Addr    Size         Type   Attr      Idx    E Section Name        Object

    0x20000000   0x00000004   Data   RW           61    .data               timer0.o
    0x20000004   0x00000008   Data   RW           83    .data               timer1.o
    0x2000000c   0x0000177a   Data   RW          115    .data               sound.o
    0x20001786   0x00000002   PAD
    0x20001788   0x0000000e   Data   RW          186    .data               spaceinvaders.o
    0x20001796   0x00000002   PAD
    0x20001798   0x0000002c   Data   RW          340    .data               st7735.o
    0x200017c4   0x00000030   Data   RW          562    .data               texas.o
    0x200017f4   0x00000004   Data   RW           12    DATA                random.o


    Execution Region ER_ZI (Base: 0x200017f8, Size: 0x000004f0, Max: 0xffffffff, ABSOLUTE)

    Base Addr    Size         Type   Attr      Idx    E Section Name        Object

    0x200017f8   0x0000004c   Zero   RW          184    .bss                spaceinvaders.o
    0x20001844   0x0000000c   Zero   RW          338    .bss                st7735.o
    0x20001850   0x00000038   Zero   RW          560    .bss                texas.o
    0x20001888   0x00000060   Zero   RW          609    .bss                c_w.l(libspace.o)
    0x200018e8   0x00000000   Zero   RW            2    HEAP                startup.o
    0x200018e8   0x00000400   Zero   RW            1    STACK               startup.o


==============================================================================

Image component sizes


      Code (inc. data)   RO Data    RW Data    ZI Data      Debug   Object Name

       292         50          0          0          0       1088   adc.o
        92         18          0          0          0       5229   dac.o
        80         12          0          0          0        200   lcd.o
        60         14          0          4          0        196   random.o
       252         54       6616       6010          0       2216   sound.o
      4216        538       2462         14         76      11649   spaceinvaders.o
      2142        212       2018         44         12      12653   st7735.o
       692        632          0          0       1024        900   startup.o
      1184        188        240         48         56      14668   texas.o
       124         28          0          4          0       1276   timer0.o
       136         36          0          8          0       1644   timer1.o

    ----------------------------------------------------------------------
      9276       1782      11368       6136       1168      51719   Object Totals
         0          0         32          0          0          0   (incl. Generated)
         6          0          0          4          0          0   (incl. Padding)

    ----------------------------------------------------------------------

      Code (inc. data)   RO Data    RW Data    ZI Data      Debug   Library Member Name

       100          0          0          0          0          0   __dclz77c.o
         8          0          0          0          0         68   __main.o
        52          8          0          0          0          0   __scatter.o
        28          0          0          0          0          0   __scatter_zi.o
        12          0          0          0          0         72   exit.o
         6          0          0          0          0        152   heapauxi.o
         0          0          0          0          0          0   indicate_semi.o
         2          0          0          0          0          0   libinit.o
         2          0          0          0          0          0   libinit2.o
         2          0          0          0          0          0   libshutdown.o
         2          0          0          0          0          0   libshutdown2.o
         8          4          0          0         96         68   libspace.o
         0          0          0          0          0          0   rtentry.o
        12          0          0          0          0          0   rtentry2.o
         6          0          0          0          0          0   rtentry4.o
         2          0          0          0          0          0   rtexit.o
        10          0          0          0          0          0   rtexit2.o
        12          4          0          0          0         68   sys_exit.o
        74          0          0          0          0         80   sys_stackheap_outer.o
         2          0          0          0          0         68   use_no_semi.o

    ----------------------------------------------------------------------
       344         16          0          0         96        576   Library Totals
         4          0          0          0          0          0   (incl. Padding)

    ----------------------------------------------------------------------

      Code (inc. data)   RO Data    RW Data    ZI Data      Debug   Library Name

       340         16          0          0         96        576   c_w.l

    ----------------------------------------------------------------------
       344         16          0          0         96        576   Library Totals

    ----------------------------------------------------------------------

==============================================================================


      Code (inc. data)   RO Data    RW Data    ZI Data      Debug   

      9620       1798      11368       6136       1264      49435   Grand Totals
      9620       1798      11368       2632       1264      49435   ELF Image Totals (compressed)
      9620       1798      11368       2632          0          0   ROM Totals

==============================================================================

    Total RO  Size (Code + RO Data)                20988 (  20.50kB)
    Total RW  Size (RW Data + ZI Data)              7400 (   7.23kB)
    Total ROM Size (Code + RO Data + RW Data)      23620 (  23.07kB)

==============================================================================

